core_cm3.h:1876:26:ITM_SendChar	16	static,ignoring_inline_asm
main.c:88:21:TFT_ShieldDetect	32	static
main.c:109:6:HAL_GPIO_EXTI_Callback	16	static
main.c:135:6:ITM_SendStr	16	static
main.c:150:5:main	72	static
main.c:230:6:SystemClock_Config	80	static
main.c:273:13:MX_SDIO_SD_Init	4	static
main.c:301:13:MX_USART3_UART_Init	8	static
main.c:332:13:MX_DMA_Init	16	static
main.c:353:13:MX_GPIO_Init	56	static
main.c:478:6:LED_Task_Function	16	static
main.c:507:6:uSD_Task_Function	16	static
main.c:555:6:HAL_TIM_PeriodElapsedCallback	16	static
main.c:573:6:Error_Handler	4	static
