Archive member included to satisfy reference by file (symbol)

c:/st/stm32cubeide_1.5.1/stm32cubeide/plugins/com.st.stm32cube.ide.mcu.externaltools.gnu-tools-for-stm32.7-2018-q2-update.win32_1.5.0.202011040924/tools/bin/../lib/gcc/arm-none-eabi/7.3.1/../../../../arm-none-eabi/lib/thumb/v7-m\libc_nano.a(lib_a-errno.o)
                              Core/Src/syscalls.o (__errno)
c:/st/stm32cubeide_1.5.1/stm32cubeide/plugins/com.st.stm32cube.ide.mcu.externaltools.gnu-tools-for-stm32.7-2018-q2-update.win32_1.5.0.202011040924/tools/bin/../lib/gcc/arm-none-eabi/7.3.1/../../../../arm-none-eabi/lib/thumb/v7-m\libc_nano.a(lib_a-exit.o)
                              c:/st/stm32cubeide_1.5.1/stm32cubeide/plugins/com.st.stm32cube.ide.mcu.externaltools.gnu-tools-for-stm32.7-2018-q2-update.win32_1.5.0.202011040924/tools/bin/../lib/gcc/arm-none-eabi/7.3.1/../../../../arm-none-eabi/lib/thumb/v7-m/crt0.o (exit)
c:/st/stm32cubeide_1.5.1/stm32cubeide/plugins/com.st.stm32cube.ide.mcu.externaltools.gnu-tools-for-stm32.7-2018-q2-update.win32_1.5.0.202011040924/tools/bin/../lib/gcc/arm-none-eabi/7.3.1/../../../../arm-none-eabi/lib/thumb/v7-m\libc_nano.a(lib_a-impure.o)
                              c:/st/stm32cubeide_1.5.1/stm32cubeide/plugins/com.st.stm32cube.ide.mcu.externaltools.gnu-tools-for-stm32.7-2018-q2-update.win32_1.5.0.202011040924/tools/bin/../lib/gcc/arm-none-eabi/7.3.1/../../../../arm-none-eabi/lib/thumb/v7-m\libc_nano.a(lib_a-exit.o) (_global_impure_ptr)
c:/st/stm32cubeide_1.5.1/stm32cubeide/plugins/com.st.stm32cube.ide.mcu.externaltools.gnu-tools-for-stm32.7-2018-q2-update.win32_1.5.0.202011040924/tools/bin/../lib/gcc/arm-none-eabi/7.3.1/../../../../arm-none-eabi/lib/thumb/v7-m\libc_nano.a(lib_a-init.o)
                              c:/st/stm32cubeide_1.5.1/stm32cubeide/plugins/com.st.stm32cube.ide.mcu.externaltools.gnu-tools-for-stm32.7-2018-q2-update.win32_1.5.0.202011040924/tools/bin/../lib/gcc/arm-none-eabi/7.3.1/../../../../arm-none-eabi/lib/thumb/v7-m/crt0.o (__libc_init_array)
c:/st/stm32cubeide_1.5.1/stm32cubeide/plugins/com.st.stm32cube.ide.mcu.externaltools.gnu-tools-for-stm32.7-2018-q2-update.win32_1.5.0.202011040924/tools/bin/../lib/gcc/arm-none-eabi/7.3.1/../../../../arm-none-eabi/lib/thumb/v7-m\libc_nano.a(lib_a-memcpy-stub.o)
                              Middlewares/Third_Party/FreeRTOS/Source/CMSIS_RTOS_V2/cmsis_os2.o (memcpy)
c:/st/stm32cubeide_1.5.1/stm32cubeide/plugins/com.st.stm32cube.ide.mcu.externaltools.gnu-tools-for-stm32.7-2018-q2-update.win32_1.5.0.202011040924/tools/bin/../lib/gcc/arm-none-eabi/7.3.1/../../../../arm-none-eabi/lib/thumb/v7-m\libc_nano.a(lib_a-memset.o)
                              c:/st/stm32cubeide_1.5.1/stm32cubeide/plugins/com.st.stm32cube.ide.mcu.externaltools.gnu-tools-for-stm32.7-2018-q2-update.win32_1.5.0.202011040924/tools/bin/../lib/gcc/arm-none-eabi/7.3.1/../../../../arm-none-eabi/lib/thumb/v7-m/crt0.o (memset)
c:/st/stm32cubeide_1.5.1/stm32cubeide/plugins/com.st.stm32cube.ide.mcu.externaltools.gnu-tools-for-stm32.7-2018-q2-update.win32_1.5.0.202011040924/tools/bin/../lib/gcc/arm-none-eabi/7.3.1/thumb/v7-m\libgcc.a(_aeabi_uldivmod.o)
                              Drivers/STM32F2xx_HAL_Driver/Src/stm32f2xx_hal_rcc.o (__aeabi_uldivmod)
c:/st/stm32cubeide_1.5.1/stm32cubeide/plugins/com.st.stm32cube.ide.mcu.externaltools.gnu-tools-for-stm32.7-2018-q2-update.win32_1.5.0.202011040924/tools/bin/../lib/gcc/arm-none-eabi/7.3.1/thumb/v7-m\libgcc.a(_udivmoddi4.o)
                              c:/st/stm32cubeide_1.5.1/stm32cubeide/plugins/com.st.stm32cube.ide.mcu.externaltools.gnu-tools-for-stm32.7-2018-q2-update.win32_1.5.0.202011040924/tools/bin/../lib/gcc/arm-none-eabi/7.3.1/thumb/v7-m\libgcc.a(_aeabi_uldivmod.o) (__udivmoddi4)
c:/st/stm32cubeide_1.5.1/stm32cubeide/plugins/com.st.stm32cube.ide.mcu.externaltools.gnu-tools-for-stm32.7-2018-q2-update.win32_1.5.0.202011040924/tools/bin/../lib/gcc/arm-none-eabi/7.3.1/thumb/v7-m\libgcc.a(_dvmd_tls.o)
                              c:/st/stm32cubeide_1.5.1/stm32cubeide/plugins/com.st.stm32cube.ide.mcu.externaltools.gnu-tools-for-stm32.7-2018-q2-update.win32_1.5.0.202011040924/tools/bin/../lib/gcc/arm-none-eabi/7.3.1/thumb/v7-m\libgcc.a(_aeabi_uldivmod.o) (__aeabi_ldiv0)

Allocating common symbols
Common symbol       size              file

hdma_sdio_rx        0x60              Core/Src/main.o
retSD               0x1               FATFS/App/fatfs.o
huart3              0x40              Core/Src/main.o
uwTick              0x4               Drivers/STM32F2xx_HAL_Driver/Src/stm32f2xx_hal.o
xQueueRegistry      0x40              Middlewares/Third_Party/FreeRTOS/Source/queue.o
pFlash              0x20              Drivers/STM32F2xx_HAL_Driver/Src/stm32f2xx_hal_flash.o
workBuffer          0x2000            Core/Src/main.o
firstTaskHandle     0x4               Core/Src/main.o
SDPath              0x4               Core/Src/main.o
myTask02Handle      0x4               Core/Src/main.o
SDFatFs             0x1034            Core/Src/main.o
[...]
Memory Configuration

Name             Origin             Length             Attributes
RAM              0x0000000020000000 0x0000000000020000 xrw
FLASH            0x0000000008000000 0x0000000000100000 xr
*default*        0x0000000000000000 0xffffffffffffffff

Linker script and memory map

LOAD c:/st/stm32cubeide_1.5.1/stm32cubeide/plugins/com.st.stm32cube.ide.mcu.externaltools.gnu-tools-for-stm32.7-2018-q2-update.win32_1.5.0.202011040924/tools/bin/../lib/gcc/arm-none-eabi/7.3.1/thumb/v7-m/crti.o
LOAD c:/st/stm32cubeide_1.5.1/stm32cubeide/plugins/com.st.stm32cube.ide.mcu.externaltools.gnu-tools-for-stm32.7-2018-q2-update.win32_1.5.0.202011040924/tools/bin/../lib/gcc/arm-none-eabi/7.3.1/thumb/v7-m/crtbegin.o
LOAD c:/st/stm32cubeide_1.5.1/stm32cubeide/plugins/com.st.stm32cube.ide.mcu.externaltools.gnu-tools-for-stm32.7-2018-q2-update.win32_1.5.0.202011040924/tools/bin/../lib/gcc/arm-none-eabi/7.3.1/../../../../arm-none-eabi/lib/thumb/v7-m/crt0.o
LOAD Core/Src/freertos.o
LOAD Core/Src/main.o
LOAD Core/Src/stm32f2xx_hal_msp.o
LOAD Core/Src/stm32f2xx_hal_timebase_tim.o
LOAD Core/Src/stm32f2xx_it.o
LOAD Core/Src/syscalls.o
LOAD Core/Src/sysmem.o
LOAD Core/Src/system_stm32f2xx.o
LOAD Core/Startup/startup_stm32f207zgtx.o
LOAD Drivers/STM32F2xx_HAL_Driver/Src/stm32f2xx_hal.o
LOAD Drivers/STM32F2xx_HAL_Driver/Src/stm32f2xx_hal_cortex.o
LOAD Drivers/STM32F2xx_HAL_Driver/Src/stm32f2xx_hal_dma.o
LOAD Drivers/STM32F2xx_HAL_Driver/Src/stm32f2xx_hal_dma_ex.o
LOAD Drivers/STM32F2xx_HAL_Driver/Src/stm32f2xx_hal_exti.o
LOAD Drivers/STM32F2xx_HAL_Driver/Src/stm32f2xx_hal_flash.o
LOAD Drivers/STM32F2xx_HAL_Driver/Src/stm32f2xx_hal_flash_ex.o
LOAD Drivers/STM32F2xx_HAL_Driver/Src/stm32f2xx_hal_gpio.o
LOAD Drivers/STM32F2xx_HAL_Driver/Src/stm32f2xx_hal_pwr.o
LOAD Drivers/STM32F2xx_HAL_Driver/Src/stm32f2xx_hal_pwr_ex.o
LOAD Drivers/STM32F2xx_HAL_Driver/Src/stm32f2xx_hal_rcc.o
LOAD Drivers/STM32F2xx_HAL_Driver/Src/stm32f2xx_hal_rcc_ex.o
LOAD Drivers/STM32F2xx_HAL_Driver/Src/stm32f2xx_hal_sd.o
LOAD Drivers/STM32F2xx_HAL_Driver/Src/stm32f2xx_hal_tim.o
LOAD Drivers/STM32F2xx_HAL_Driver/Src/stm32f2xx_hal_tim_ex.o
LOAD Drivers/STM32F2xx_HAL_Driver/Src/stm32f2xx_hal_uart.o
LOAD Drivers/STM32F2xx_HAL_Driver/Src/stm32f2xx_ll_sdmmc.o
LOAD FATFS/App/fatfs.o
LOAD FATFS/Target/bsp_driver_sd.o
LOAD FATFS/Target/fatfs_platform.o
LOAD Middlewares/Third_Party/FatFs/src/diskio.o
LOAD Middlewares/Third_Party/FatFs/src/ff.o
LOAD Middlewares/Third_Party/FatFs/src/ff_gen_drv.o
LOAD Middlewares/Third_Party/FatFs/src/drivers/sd_diskio.o
LOAD Middlewares/Third_Party/FatFs/src/option/syscall.o
LOAD Middlewares/Third_Party/FreeRTOS/Source/CMSIS_RTOS_V2/cmsis_os2.o
LOAD Middlewares/Third_Party/FreeRTOS/Source/croutine.o
LOAD Middlewares/Third_Party/FreeRTOS/Source/event_groups.o
LOAD Middlewares/Third_Party/FreeRTOS/Source/list.o
LOAD Middlewares/Third_Party/FreeRTOS/Source/queue.o
LOAD Middlewares/Third_Party/FreeRTOS/Source/stream_buffer.o
LOAD Middlewares/Third_Party/FreeRTOS/Source/tasks.o
LOAD Middlewares/Third_Party/FreeRTOS/Source/timers.o
LOAD Middlewares/Third_Party/FreeRTOS/Source/portable/GCC/ARM_CM3/port.o
LOAD Middlewares/Third_Party/FreeRTOS/Source/portable/MemMang/heap_4.o
START GROUP
LOAD c:/st/stm32cubeide_1.5.1/stm32cubeide/plugins/com.st.stm32cube.ide.mcu.externaltools.gnu-tools-for-stm32.7-2018-q2-update.win32_1.5.0.202011040924/tools/bin/../lib/gcc/arm-none-eabi/7.3.1/../../../../arm-none-eabi/lib/thumb/v7-m\libc_nano.a
LOAD c:/st/stm32cubeide_1.5.1/stm32cubeide/plugins/com.st.stm32cube.ide.mcu.externaltools.gnu-tools-for-stm32.7-2018-q2-update.win32_1.5.0.202011040924/tools/bin/../lib/gcc/arm-none-eabi/7.3.1/../../../../arm-none-eabi/lib/thumb/v7-m\libm.a
END GROUP
START GROUP
LOAD c:/st/stm32cubeide_1.5.1/stm32cubeide/plugins/com.st.stm32cube.ide.mcu.externaltools.gnu-tools-for-stm32.7-2018-q2-update.win32_1.5.0.202011040924/tools/bin/../lib/gcc/arm-none-eabi/7.3.1/thumb/v7-m\libgcc.a
LOAD c:/st/stm32cubeide_1.5.1/stm32cubeide/plugins/com.st.stm32cube.ide.mcu.externaltools.gnu-tools-for-stm32.7-2018-q2-update.win32_1.5.0.202011040924/tools/bin/../lib/gcc/arm-none-eabi/7.3.1/../../../../arm-none-eabi/lib/thumb/v7-m\libc_nano.a
END GROUP
START GROUP
LOAD c:/st/stm32cubeide_1.5.1/stm32cubeide/plugins/com.st.stm32cube.ide.mcu.externaltools.gnu-tools-for-stm32.7-2018-q2-update.win32_1.5.0.202011040924/tools/bin/../lib/gcc/arm-none-eabi/7.3.1/thumb/v7-m\libgcc.a
LOAD c:/st/stm32cubeide_1.5.1/stm32cubeide/plugins/com.st.stm32cube.ide.mcu.externaltools.gnu-tools-for-stm32.7-2018-q2-update.win32_1.5.0.202011040924/tools/bin/../lib/gcc/arm-none-eabi/7.3.1/../../../../arm-none-eabi/lib/thumb/v7-m\libc_nano.a
LOAD c:/st/stm32cubeide_1.5.1/stm32cubeide/plugins/com.st.stm32cube.ide.mcu.externaltools.gnu-tools-for-stm32.7-2018-q2-update.win32_1.5.0.202011040924/tools/bin/../lib/gcc/arm-none-eabi/7.3.1/../../../../arm-none-eabi/lib/thumb/v7-m\libnosys.a
END GROUP
START GROUP
LOAD c:/st/stm32cubeide_1.5.1/stm32cubeide/plugins/com.st.stm32cube.ide.mcu.externaltools.gnu-tools-for-stm32.7-2018-q2-update.win32_1.5.0.202011040924/tools/bin/../lib/gcc/arm-none-eabi/7.3.1/thumb/v7-m\libgcc.a
LOAD c:/st/stm32cubeide_1.5.1/stm32cubeide/plugins/com.st.stm32cube.ide.mcu.externaltools.gnu-tools-for-stm32.7-2018-q2-update.win32_1.5.0.202011040924/tools/bin/../lib/gcc/arm-none-eabi/7.3.1/../../../../arm-none-eabi/lib/thumb/v7-m\libc_nano.a
LOAD c:/st/stm32cubeide_1.5.1/stm32cubeide/plugins/com.st.stm32cube.ide.mcu.externaltools.gnu-tools-for-stm32.7-2018-q2-update.win32_1.5.0.202011040924/tools/bin/../lib/gcc/arm-none-eabi/7.3.1/../../../../arm-none-eabi/lib/thumb/v7-m\libnosys.a
END GROUP
LOAD c:/st/stm32cubeide_1.5.1/stm32cubeide/plugins/com.st.stm32cube.ide.mcu.externaltools.gnu-tools-for-stm32.7-2018-q2-update.win32_1.5.0.202011040924/tools/bin/../lib/gcc/arm-none-eabi/7.3.1/thumb/v7-m/crtend.o
LOAD c:/st/stm32cubeide_1.5.1/stm32cubeide/plugins/com.st.stm32cube.ide.mcu.externaltools.gnu-tools-for-stm32.7-2018-q2-update.win32_1.5.0.202011040924/tools/bin/../lib/gcc/arm-none-eabi/7.3.1/thumb/v7-m/crtn.o
                0x0000000020020000                _estack = (ORIGIN (RAM) + LENGTH (RAM))
                0x0000000000001000                _Min_Heap_Size = 0x1000
                0x0000000000001000                _Min_Stack_Size = 0x1000

.isr_vector     0x0000000008000000      0x184
                0x0000000008000000                . = ALIGN (0x4)
 *(.isr_vector)
 .isr_vector    0x0000000008000000      0x184 Core/Startup/startup_stm32f207zgtx.o
                0x0000000008000000                g_pfnVectors
                0x0000000008000184                . = ALIGN (0x4)

.text           0x0000000008000190     0x7bb4
                0x0000000008000190                . = ALIGN (0x4)
 *(.text)
 .text          0x0000000008000190       0x40 c:/st/stm32cubeide_1.5.1/stm32cubeide/plugins/com.st.stm32cube.ide.mcu.externaltools.gnu-tools-for-stm32.7-2018-q2-update.win32_1.5.0.202011040924/tools/bin/../lib/gcc/arm-none-eabi/7.3.1/thumb/v7-m/crtbegin.o
 .text          0x00000000080001d0       0x30 c:/st/stm32cubeide_1.5.1/stm32cubeide/plugins/com.st.stm32cube.ide.mcu.externaltools.gnu-tools-for-stm32.7-2018-q2-update.win32_1.5.0.202011040924/tools/bin/../lib/gcc/arm-none-eabi/7.3.1/thumb/v7-m\libgcc.a(_aeabi_uldivmod.o)
                0x00000000080001d0                __aeabi_uldivmod
 .text          0x0000000008000200      0x2d0 c:/st/stm32cubeide_1.5.1/stm32cubeide/plugins/com.st.stm32cube.ide.mcu.externaltools.gnu-tools-for-stm32.7-2018-q2-update.win32_1.5.0.202011040924/tools/bin/../lib/gcc/arm-none-eabi/7.3.1/thumb/v7-m\libgcc.a(_udivmoddi4.o)
                0x0000000008000200                __udivmoddi4
 .text          0x00000000080004d0        0x4 c:/st/stm32cubeide_1.5.1/stm32cubeide/plugins/com.st.stm32cube.ide.mcu.externaltools.gnu-tools-for-stm32.7-2018-q2-update.win32_1.5.0.202011040924/tools/bin/../lib/gcc/arm-none-eabi/7.3.1/thumb/v7-m\libgcc.a(_dvmd_tls.o)
                0x00000000080004d0                __aeabi_idiv0
                0x00000000080004d0                __aeabi_ldiv0
 *(.text*)
 .text.main     0x00000000080004d4       0x78 Core/Src/main.o
                0x00000000080004d4                main
 .text.SystemClock_Config
                0x000000000800054c       0x8e Core/Src/main.o
                0x000000000800054c                SystemClock_Config
 *fill*         0x00000000080005da        0x2 
 .text.MX_SDIO_SD_Init
                0x00000000080005dc       0x40 Core/Src/main.o
 .text.MX_USART3_UART_Init
                0x000000000800061c       0x54 Core/Src/main.o
 .text.MX_DMA_Init
                0x0000000008000670       0x50 Core/Src/main.o
 .text.MX_GPIO_Init
                0x00000000080006c0      0x1b4 Core/Src/main.o
 .text.taskT1   0x0000000008000874       0x10 Core/Src/main.o
                0x0000000008000874                taskT1
 .text.taskT2   0x0000000008000884       0x10 Core/Src/main.o
                0x0000000008000884                taskT2
 .text.HAL_TIM_PeriodElapsedCallback
                0x0000000008000894       0x24 Core/Src/main.o
                0x0000000008000894                HAL_TIM_PeriodElapsedCallback
 .text.Error_Handler
                0x00000000080008b8        0x8 Core/Src/main.o
                0x00000000080008b8                Error_Handler
 .text.HAL_MspInit
                0x00000000080008c0       0x58 Core/Src/stm32f2xx_hal_msp.o
                0x00000000080008c0                HAL_MspInit
 .text.HAL_SD_MspInit
                0x0000000008000918      0x1e0 Core/Src/stm32f2xx_hal_msp.o
                0x0000000008000918                HAL_SD_MspInit
 .text.HAL_UART_MspInit
                0x0000000008000af8       0x90 Core/Src/stm32f2xx_hal_msp.o
                0x0000000008000af8                HAL_UART_MspInit
 .text.HAL_InitTick
                0x0000000008000b88       0xb4 Core/Src/stm32f2xx_hal_timebase_tim.o
                0x0000000008000b88                HAL_InitTick
 .text.NMI_Handler
                0x0000000008000c3c        0x6 Core/Src/stm32f2xx_it.o
                0x0000000008000c3c                NMI_Handler
 .text.HardFault_Handler
                0x0000000008000c42        0x6 Core/Src/stm32f2xx_it.o
                0x0000000008000c42                HardFault_Handler
 .text.MemManage_Handler
                0x0000000008000c48        0x6 Core/Src/stm32f2xx_it.o
                0x0000000008000c48                MemManage_Handler
 .text.BusFault_Handler
                0x0000000008000c4e        0x6 Core/Src/stm32f2xx_it.o
                0x0000000008000c4e                BusFault_Handler
 .text.UsageFault_Handler
                0x0000000008000c54        0x6 Core/Src/stm32f2xx_it.o
                0x0000000008000c54                UsageFault_Handler
 .text.DebugMon_Handler
                0x0000000008000c5a        0xc Core/Src/stm32f2xx_it.o
                0x0000000008000c5a                DebugMon_Handler
 *fill*         0x0000000008000c66        0x2 
 .text.TIM1_BRK_TIM9_IRQHandler
                0x0000000008000c68       0x14 Core/Src/stm32f2xx_it.o
                0x0000000008000c68                TIM1_BRK_TIM9_IRQHandler
 .text.SDIO_IRQHandler
                0x0000000008000c7c       0x14 Core/Src/stm32f2xx_it.o
                0x0000000008000c7c                SDIO_IRQHandler
 .text.DMA2_Stream3_IRQHandler
                0x0000000008000c90       0x14 Core/Src/stm32f2xx_it.o
                0x0000000008000c90                DMA2_Stream3_IRQHandler
 .text.DMA2_Stream6_IRQHandler
                0x0000000008000ca4       0x14 Core/Src/stm32f2xx_it.o
                0x0000000008000ca4                DMA2_Stream6_IRQHandler
 .text.SystemInit
                0x0000000008000cb8        0xc Core/Src/system_stm32f2xx.o
                0x0000000008000cb8                SystemInit
 .text.Reset_Handler
                0x0000000008000cc4       0x50 Core/Startup/startup_stm32f207zgtx.o
                0x0000000008000cc4                Reset_Handler
 .text.Default_Handler
                0x0000000008000d14        0x2 Core/Startup/startup_stm32f207zgtx.o
                0x0000000008000d14                RTC_Alarm_IRQHandler
                0x0000000008000d14                HASH_RNG_IRQHandler
                0x0000000008000d14                EXTI2_IRQHandler
                0x0000000008000d14                TIM8_CC_IRQHandler
                0x0000000008000d14                TIM1_CC_IRQHandler
                0x0000000008000d14                DMA2_Stream5_IRQHandler
                0x0000000008000d14                DMA1_Stream5_IRQHandler
                0x0000000008000d14                PVD_IRQHandler
                0x0000000008000d14                TAMP_STAMP_IRQHandler
                0x0000000008000d14                CAN2_RX1_IRQHandler
                0x0000000008000d14                EXTI3_IRQHandler
                0x0000000008000d14                TIM8_TRG_COM_TIM14_IRQHandler
                0x0000000008000d14                TIM1_UP_TIM10_IRQHandler
                0x0000000008000d14                TIM8_UP_TIM13_IRQHandler
                0x0000000008000d14                I2C3_ER_IRQHandler
                0x0000000008000d14                EXTI0_IRQHandler
                0x0000000008000d14                I2C2_EV_IRQHandler
                0x0000000008000d14                DMA1_Stream2_IRQHandler
                0x0000000008000d14                CAN1_RX0_IRQHandler
                0x0000000008000d14                OTG_HS_WKUP_IRQHandler
                0x0000000008000d14                CAN2_SCE_IRQHandler
                0x0000000008000d14                DMA2_Stream2_IRQHandler
                0x0000000008000d14                SPI1_IRQHandler
                0x0000000008000d14                TIM6_DAC_IRQHandler
                0x0000000008000d14                DCMI_IRQHandler
                0x0000000008000d14                CAN2_RX0_IRQHandler
                0x0000000008000d14                USART6_IRQHandler
                0x0000000008000d14                USART3_IRQHandler
                0x0000000008000d14                CAN1_RX1_IRQHandler
                0x0000000008000d14                UART5_IRQHandler
                0x0000000008000d14                DMA2_Stream0_IRQHandler
                0x0000000008000d14                TIM4_IRQHandler
                0x0000000008000d14                I2C1_EV_IRQHandler
                0x0000000008000d14                DMA1_Stream6_IRQHandler
                0x0000000008000d14                DMA1_Stream1_IRQHandler
                0x0000000008000d14                UART4_IRQHandler
                0x0000000008000d14                TIM3_IRQHandler
                0x0000000008000d14                RCC_IRQHandler
                0x0000000008000d14                TIM8_BRK_TIM12_IRQHandler
                0x0000000008000d14                Default_Handler
                0x0000000008000d14                EXTI15_10_IRQHandler
                0x0000000008000d14                ADC_IRQHandler
                0x0000000008000d14                DMA1_Stream7_IRQHandler
                0x0000000008000d14                TIM7_IRQHandler
                0x0000000008000d14                CAN2_TX_IRQHandler
                0x0000000008000d14                TIM5_IRQHandler
                0x0000000008000d14                DMA2_Stream7_IRQHandler
                0x0000000008000d14                I2C3_EV_IRQHandler
                0x0000000008000d14                EXTI9_5_IRQHandler
                0x0000000008000d14                RTC_WKUP_IRQHandler
                0x0000000008000d14                ETH_WKUP_IRQHandler
                0x0000000008000d14                SPI2_IRQHandler
                0x0000000008000d14                OTG_HS_EP1_IN_IRQHandler
                0x0000000008000d14                DMA1_Stream0_IRQHandler
                0x0000000008000d14                CAN1_TX_IRQHandler
                0x0000000008000d14                EXTI4_IRQHandler
                0x0000000008000d14                FSMC_IRQHandler
                0x0000000008000d14                ETH_IRQHandler
                0x0000000008000d14                OTG_HS_EP1_OUT_IRQHandler
                0x0000000008000d14                WWDG_IRQHandler
                0x0000000008000d14                TIM2_IRQHandler
                0x0000000008000d14                OTG_FS_WKUP_IRQHandler
                0x0000000008000d14                TIM1_TRG_COM_TIM11_IRQHandler
                0x0000000008000d14                OTG_HS_IRQHandler
                0x0000000008000d14                EXTI1_IRQHandler
                0x0000000008000d14                USART2_IRQHandler
                0x0000000008000d14                I2C2_ER_IRQHandler
                0x0000000008000d14                DMA2_Stream1_IRQHandler
                0x0000000008000d14                CAN1_SCE_IRQHandler
                0x0000000008000d14                FLASH_IRQHandler
                0x0000000008000d14                DMA2_Stream4_IRQHandler
                0x0000000008000d14                USART1_IRQHandler
                0x0000000008000d14                OTG_FS_IRQHandler
                0x0000000008000d14                SPI3_IRQHandler
                0x0000000008000d14                DMA1_Stream4_IRQHandler
                0x0000000008000d14                I2C1_ER_IRQHandler
                0x0000000008000d14                DMA1_Stream3_IRQHandler
 *fill*         0x0000000008000d16        0x2 
 .text.HAL_Init
                0x0000000008000d18       0x44 Drivers/STM32F2xx_HAL_Driver/Src/stm32f2xx_hal.o
                0x0000000008000d18                HAL_Init
 .text.HAL_IncTick
                0x0000000008000d5c       0x24 Drivers/STM32F2xx_HAL_Driver/Src/stm32f2xx_hal.o
                0x0000000008000d5c                HAL_IncTick
 .text.HAL_GetTick
                0x0000000008000d80       0x14 Drivers/STM32F2xx_HAL_Driver/Src/stm32f2xx_hal.o
                0x0000000008000d80                HAL_GetTick
 .text.HAL_Delay
                0x0000000008000d94       0x44 Drivers/STM32F2xx_HAL_Driver/Src/stm32f2xx_hal.o
                0x0000000008000d94                HAL_Delay
 .text.__NVIC_SetPriorityGrouping
                0x0000000008000dd8       0x48 Drivers/STM32F2xx_HAL_Driver/Src/stm32f2xx_hal_cortex.o
 .text.__NVIC_GetPriorityGrouping
                0x0000000008000e20       0x1c Drivers/STM32F2xx_HAL_Driver/Src/stm32f2xx_hal_cortex.o
 .text.__NVIC_EnableIRQ
                0x0000000008000e3c       0x38 Drivers/STM32F2xx_HAL_Driver/Src/stm32f2xx_hal_cortex.o
 .text.__NVIC_SetPriority
                0x0000000008000e74       0x54 Drivers/STM32F2xx_HAL_Driver/Src/stm32f2xx_hal_cortex.o
 .text.NVIC_EncodePriority
                0x0000000008000ec8       0x64 Drivers/STM32F2xx_HAL_Driver/Src/stm32f2xx_hal_cortex.o
 .text.HAL_NVIC_SetPriorityGrouping
                0x0000000008000f2c       0x16 Drivers/STM32F2xx_HAL_Driver/Src/stm32f2xx_hal_cortex.o
                0x0000000008000f2c                HAL_NVIC_SetPriorityGrouping
 .text.HAL_NVIC_SetPriority
                0x0000000008000f42       0x38 Drivers/STM32F2xx_HAL_Driver/Src/stm32f2xx_hal_cortex.o
                0x0000000008000f42                HAL_NVIC_SetPriority
 .text.HAL_NVIC_EnableIRQ
                0x0000000008000f7a       0x1c Drivers/STM32F2xx_HAL_Driver/Src/stm32f2xx_hal_cortex.o
                0x0000000008000f7a                HAL_NVIC_EnableIRQ
 *fill*         0x0000000008000f96        0x2 
 .text.HAL_DMA_Init
                0x0000000008000f98      0x15c Drivers/STM32F2xx_HAL_Driver/Src/stm32f2xx_hal_dma.o
                0x0000000008000f98                HAL_DMA_Init
 .text.HAL_DMA_Abort_IT
                0x00000000080010f4       0x42 Drivers/STM32F2xx_HAL_Driver/Src/stm32f2xx_hal_dma.o
                0x00000000080010f4                HAL_DMA_Abort_IT
 *fill*         0x0000000008001136        0x2 
 .text.HAL_DMA_IRQHandler
                0x0000000008001138      0x314 Drivers/STM32F2xx_HAL_Driver/Src/stm32f2xx_hal_dma.o
                0x0000000008001138                HAL_DMA_IRQHandler
 .text.DMA_CalcBaseAndBitshift
                0x000000000800144c       0x68 Drivers/STM32F2xx_HAL_Driver/Src/stm32f2xx_hal_dma.o
 .text.DMA_CheckFifoParam
                0x00000000080014b4       0xf4 Drivers/STM32F2xx_HAL_Driver/Src/stm32f2xx_hal_dma.o
 .text.HAL_GPIO_Init
                0x00000000080015a8      0x33c Drivers/STM32F2xx_HAL_Driver/Src/stm32f2xx_hal_gpio.o
                0x00000000080015a8                HAL_GPIO_Init
 .text.HAL_GPIO_ReadPin
                0x00000000080018e4       0x2e Drivers/STM32F2xx_HAL_Driver/Src/stm32f2xx_hal_gpio.o
                0x00000000080018e4                HAL_GPIO_ReadPin
 .text.HAL_GPIO_WritePin
                0x0000000008001912       0x30 Drivers/STM32F2xx_HAL_Driver/Src/stm32f2xx_hal_gpio.o
                0x0000000008001912                HAL_GPIO_WritePin
 *fill*         0x0000000008001942        0x2 
 .text.HAL_RCC_OscConfig
                0x0000000008001944      0x4a0 Drivers/STM32F2xx_HAL_Driver/Src/stm32f2xx_hal_rcc.o
                0x0000000008001944                HAL_RCC_OscConfig
 .text.HAL_RCC_ClockConfig
                0x0000000008001de4      0x1d8 Drivers/STM32F2xx_HAL_Driver/Src/stm32f2xx_hal_rcc.o
                0x0000000008001de4                HAL_RCC_ClockConfig
 .text.HAL_RCC_GetSysClockFreq
                0x0000000008001fbc      0x1b0 Drivers/STM32F2xx_HAL_Driver/Src/stm32f2xx_hal_rcc.o
                0x0000000008001fbc                HAL_RCC_GetSysClockFreq
 .text.HAL_RCC_GetHCLKFreq
                0x000000000800216c       0x14 Drivers/STM32F2xx_HAL_Driver/Src/stm32f2xx_hal_rcc.o
                0x000000000800216c                HAL_RCC_GetHCLKFreq
 .text.HAL_RCC_GetPCLK1Freq
                0x0000000008002180       0x44 Drivers/STM32F2xx_HAL_Driver/Src/stm32f2xx_hal_rcc.o
                0x0000000008002180                HAL_RCC_GetPCLK1Freq
 .text.HAL_RCC_GetPCLK2Freq
                0x00000000080021c4       0x44 Drivers/STM32F2xx_HAL_Driver/Src/stm32f2xx_hal_rcc.o
                0x00000000080021c4                HAL_RCC_GetPCLK2Freq
 .text.HAL_RCC_GetClockConfig
                0x0000000008002208       0x60 Drivers/STM32F2xx_HAL_Driver/Src/stm32f2xx_hal_rcc.o
                0x0000000008002208                HAL_RCC_GetClockConfig
 .text.HAL_SD_Init
                0x0000000008002268       0x60 Drivers/STM32F2xx_HAL_Driver/Src/stm32f2xx_hal_sd.o
                0x0000000008002268                HAL_SD_Init
 .text.HAL_SD_InitCard
                0x00000000080022c8       0xc0 Drivers/STM32F2xx_HAL_Driver/Src/stm32f2xx_hal_sd.o
                0x00000000080022c8                HAL_SD_InitCard
 .text.HAL_SD_ReadBlocks
                0x0000000008002388      0x3f4 Drivers/STM32F2xx_HAL_Driver/Src/stm32f2xx_hal_sd.o
                0x0000000008002388                HAL_SD_ReadBlocks
 .text.HAL_SD_WriteBlocks
                0x000000000800277c      0x344 Drivers/STM32F2xx_HAL_Driver/Src/stm32f2xx_hal_sd.o
                0x000000000800277c                HAL_SD_WriteBlocks
 .text.HAL_SD_IRQHandler
                0x0000000008002ac0      0x2f0 Drivers/STM32F2xx_HAL_Driver/Src/stm32f2xx_hal_sd.o
                0x0000000008002ac0                HAL_SD_IRQHandler
 .text.HAL_SD_ErrorCallback
                0x0000000008002db0       0x12 Drivers/STM32F2xx_HAL_Driver/Src/stm32f2xx_hal_sd.o
                0x0000000008002db0                HAL_SD_ErrorCallback
 *fill*         0x0000000008002dc2        0x2 
 .text.HAL_SD_GetCardCSD
                0x0000000008002dc4      0x348 Drivers/STM32F2xx_HAL_Driver/Src/stm32f2xx_hal_sd.o
                0x0000000008002dc4                HAL_SD_GetCardCSD
 .text.HAL_SD_GetCardInfo
                0x000000000800310c       0x56 Drivers/STM32F2xx_HAL_Driver/Src/stm32f2xx_hal_sd.o
                0x000000000800310c                HAL_SD_GetCardInfo
 *fill*         0x0000000008003162        0x2 
 .text.HAL_SD_ConfigWideBusOperation
                0x0000000008003164       0xf8 Drivers/STM32F2xx_HAL_Driver/Src/stm32f2xx_hal_sd.o
                0x0000000008003164                HAL_SD_ConfigWideBusOperation
 .text.HAL_SD_GetCardState
                0x000000000800325c       0x40 Drivers/STM32F2xx_HAL_Driver/Src/stm32f2xx_hal_sd.o
                0x000000000800325c                HAL_SD_GetCardState
 .text.SD_DMATxAbort
                0x000000000800329c       0x6e Drivers/STM32F2xx_HAL_Driver/Src/stm32f2xx_hal_sd.o
 .text.SD_DMARxAbort
                0x000000000800330a       0x6e Drivers/STM32F2xx_HAL_Driver/Src/stm32f2xx_hal_sd.o
 .text.SD_InitCard
                0x0000000008003378      0x19a Drivers/STM32F2xx_HAL_Driver/Src/stm32f2xx_hal_sd.o
 *fill*         0x0000000008003512        0x2 
 .text.SD_PowerON
                0x0000000008003514      0x11c Drivers/STM32F2xx_HAL_Driver/Src/stm32f2xx_hal_sd.o
 .text.SD_SendStatus
                0x0000000008003630       0x50 Drivers/STM32F2xx_HAL_Driver/Src/stm32f2xx_hal_sd.o
 .text.SD_WideBus_Enable
                0x0000000008003680       0x96 Drivers/STM32F2xx_HAL_Driver/Src/stm32f2xx_hal_sd.o
 .text.SD_WideBus_Disable
                0x0000000008003716       0x96 Drivers/STM32F2xx_HAL_Driver/Src/stm32f2xx_hal_sd.o
 .text.SD_FindSCR
                0x00000000080037ac      0x194 Drivers/STM32F2xx_HAL_Driver/Src/stm32f2xx_hal_sd.o
 .text.SD_Read_IT
                0x0000000008003940       0xa2 Drivers/STM32F2xx_HAL_Driver/Src/stm32f2xx_hal_sd.o
 .text.SD_Write_IT
                0x00000000080039e2       0xaa Drivers/STM32F2xx_HAL_Driver/Src/stm32f2xx_hal_sd.o
 .text.HAL_TIM_Base_Init
                0x0000000008003a8c       0x9e Drivers/STM32F2xx_HAL_Driver/Src/stm32f2xx_hal_tim.o
                0x0000000008003a8c                HAL_TIM_Base_Init
 .text.HAL_TIM_Base_MspInit
                0x0000000008003b2a       0x12 Drivers/STM32F2xx_HAL_Driver/Src/stm32f2xx_hal_tim.o
                0x0000000008003b2a                HAL_TIM_Base_MspInit
 .text.HAL_TIM_Base_Start_IT
                0x0000000008003b3c       0xdc Drivers/STM32F2xx_HAL_Driver/Src/stm32f2xx_hal_tim.o
                0x0000000008003b3c                HAL_TIM_Base_Start_IT
 .text.HAL_TIM_IRQHandler
                0x0000000008003c18      0x210 Drivers/STM32F2xx_HAL_Driver/Src/stm32f2xx_hal_tim.o
                0x0000000008003c18                HAL_TIM_IRQHandler
 .text.HAL_TIM_OC_DelayElapsedCallback
                0x0000000008003e28       0x12 Drivers/STM32F2xx_HAL_Driver/Src/stm32f2xx_hal_tim.o
                0x0000000008003e28                HAL_TIM_OC_DelayElapsedCallback
 .text.HAL_TIM_IC_CaptureCallback
                0x0000000008003e3a       0x12 Drivers/STM32F2xx_HAL_Driver/Src/stm32f2xx_hal_tim.o
                0x0000000008003e3a                HAL_TIM_IC_CaptureCallback
 .text.HAL_TIM_PWM_PulseFinishedCallback
                0x0000000008003e4c       0x12 Drivers/STM32F2xx_HAL_Driver/Src/stm32f2xx_hal_tim.o
                0x0000000008003e4c                HAL_TIM_PWM_PulseFinishedCallback
 .text.HAL_TIM_TriggerCallback
                0x0000000008003e5e       0x12 Drivers/STM32F2xx_HAL_Driver/Src/stm32f2xx_hal_tim.o
                0x0000000008003e5e                HAL_TIM_TriggerCallback
 .text.TIM_Base_SetConfig
                0x0000000008003e70      0x13c Drivers/STM32F2xx_HAL_Driver/Src/stm32f2xx_hal_tim.o
                0x0000000008003e70                TIM_Base_SetConfig
 .text.HAL_TIMEx_CommutCallback
                0x0000000008003fac       0x12 Drivers/STM32F2xx_HAL_Driver/Src/stm32f2xx_hal_tim_ex.o
                0x0000000008003fac                HAL_TIMEx_CommutCallback
 .text.HAL_TIMEx_BreakCallback
                0x0000000008003fbe       0x12 Drivers/STM32F2xx_HAL_Driver/Src/stm32f2xx_hal_tim_ex.o
                0x0000000008003fbe                HAL_TIMEx_BreakCallback
 .text.HAL_UART_Init
                0x0000000008003fd0       0x9a Drivers/STM32F2xx_HAL_Driver/Src/stm32f2xx_hal_uart.o
                0x0000000008003fd0                HAL_UART_Init
 *fill*         0x000000000800406a        0x2 
 .text.UART_SetConfig
                0x000000000800406c      0x1d4 Drivers/STM32F2xx_HAL_Driver/Src/stm32f2xx_hal_uart.o
 .text.SDIO_Init
                0x0000000008004240       0x54 Drivers/STM32F2xx_HAL_Driver/Src/stm32f2xx_ll_sdmmc.o
                0x0000000008004240                SDIO_Init
 .text.SDIO_ReadFIFO
                0x0000000008004294       0x18 Drivers/STM32F2xx_HAL_Driver/Src/stm32f2xx_ll_sdmmc.o
                0x0000000008004294                SDIO_ReadFIFO
 .text.SDIO_WriteFIFO
                0x00000000080042ac       0x20 Drivers/STM32F2xx_HAL_Driver/Src/stm32f2xx_ll_sdmmc.o
                0x00000000080042ac                SDIO_WriteFIFO
 .text.SDIO_PowerState_ON
                0x00000000080042cc       0x1e Drivers/STM32F2xx_HAL_Driver/Src/stm32f2xx_ll_sdmmc.o
                0x00000000080042cc                SDIO_PowerState_ON
 .text.SDIO_GetPowerState
                0x00000000080042ea       0x1a Drivers/STM32F2xx_HAL_Driver/Src/stm32f2xx_ll_sdmmc.o
                0x00000000080042ea                SDIO_GetPowerState
 .text.SDIO_SendCommand
                0x0000000008004304       0x52 Drivers/STM32F2xx_HAL_Driver/Src/stm32f2xx_ll_sdmmc.o
                0x0000000008004304                SDIO_SendCommand
 .text.SDIO_GetCommandResponse
                0x0000000008004356       0x18 Drivers/STM32F2xx_HAL_Driver/Src/stm32f2xx_ll_sdmmc.o
                0x0000000008004356                SDIO_GetCommandResponse
 .text.SDIO_GetResponse
                0x000000000800436e       0x24 Drivers/STM32F2xx_HAL_Driver/Src/stm32f2xx_ll_sdmmc.o
                0x000000000800436e                SDIO_GetResponse
 .text.SDIO_ConfigData
                0x0000000008004392       0x56 Drivers/STM32F2xx_HAL_Driver/Src/stm32f2xx_ll_sdmmc.o
                0x0000000008004392                SDIO_ConfigData
 .text.SDMMC_CmdBlockLength
                0x00000000080043e8       0x44 Drivers/STM32F2xx_HAL_Driver/Src/stm32f2xx_ll_sdmmc.o
                0x00000000080043e8                SDMMC_CmdBlockLength
 .text.SDMMC_CmdReadSingleBlock
                0x000000000800442c       0x44 Drivers/STM32F2xx_HAL_Driver/Src/stm32f2xx_ll_sdmmc.o
                0x000000000800442c                SDMMC_CmdReadSingleBlock
 .text.SDMMC_CmdReadMultiBlock
                0x0000000008004470       0x44 Drivers/STM32F2xx_HAL_Driver/Src/stm32f2xx_ll_sdmmc.o
                0x0000000008004470                SDMMC_CmdReadMultiBlock
 .text.SDMMC_CmdWriteSingleBlock
                0x00000000080044b4       0x44 Drivers/STM32F2xx_HAL_Driver/Src/stm32f2xx_ll_sdmmc.o
                0x00000000080044b4                SDMMC_CmdWriteSingleBlock
 .text.SDMMC_CmdWriteMultiBlock
                0x00000000080044f8       0x44 Drivers/STM32F2xx_HAL_Driver/Src/stm32f2xx_ll_sdmmc.o
                0x00000000080044f8                SDMMC_CmdWriteMultiBlock
 .text.SDMMC_CmdStopTransfer
                0x000000000800453c       0x44 Drivers/STM32F2xx_HAL_Driver/Src/stm32f2xx_ll_sdmmc.o
                0x000000000800453c                SDMMC_CmdStopTransfer
 .text.SDMMC_CmdSelDesel
                0x0000000008004580       0x46 Drivers/STM32F2xx_HAL_Driver/Src/stm32f2xx_ll_sdmmc.o
                0x0000000008004580                SDMMC_CmdSelDesel
 .text.SDMMC_CmdGoIdleState
                0x00000000080045c6       0x3c Drivers/STM32F2xx_HAL_Driver/Src/stm32f2xx_ll_sdmmc.o
                0x00000000080045c6                SDMMC_CmdGoIdleState
 .text.SDMMC_CmdOperCond
                0x0000000008004602       0x3e Drivers/STM32F2xx_HAL_Driver/Src/stm32f2xx_ll_sdmmc.o
                0x0000000008004602                SDMMC_CmdOperCond
 .text.SDMMC_CmdAppCommand
                0x0000000008004640       0x44 Drivers/STM32F2xx_HAL_Driver/Src/stm32f2xx_ll_sdmmc.o
                0x0000000008004640                SDMMC_CmdAppCommand
 .text.SDMMC_CmdAppOperCommand
                0x0000000008004684       0x46 Drivers/STM32F2xx_HAL_Driver/Src/stm32f2xx_ll_sdmmc.o
                0x0000000008004684                SDMMC_CmdAppOperCommand
 .text.SDMMC_CmdBusWidth
                0x00000000080046ca       0x44 Drivers/STM32F2xx_HAL_Driver/Src/stm32f2xx_ll_sdmmc.o
                0x00000000080046ca                SDMMC_CmdBusWidth
 .text.SDMMC_CmdSendSCR
                0x000000000800470e       0x42 Drivers/STM32F2xx_HAL_Driver/Src/stm32f2xx_ll_sdmmc.o
                0x000000000800470e                SDMMC_CmdSendSCR
 .text.SDMMC_CmdSendCID
                0x0000000008004750       0x3c Drivers/STM32F2xx_HAL_Driver/Src/stm32f2xx_ll_sdmmc.o
                0x0000000008004750                SDMMC_CmdSendCID
 .text.SDMMC_CmdSendCSD
                0x000000000800478c       0x3e Drivers/STM32F2xx_HAL_Driver/Src/stm32f2xx_ll_sdmmc.o
                0x000000000800478c                SDMMC_CmdSendCSD
 .text.SDMMC_CmdSetRelAdd
                0x00000000080047ca       0x42 Drivers/STM32F2xx_HAL_Driver/Src/stm32f2xx_ll_sdmmc.o
                0x00000000080047ca                SDMMC_CmdSetRelAdd
 .text.SDMMC_CmdSendStatus
                0x000000000800480c       0x44 Drivers/STM32F2xx_HAL_Driver/Src/stm32f2xx_ll_sdmmc.o
                0x000000000800480c                SDMMC_CmdSendStatus
 .text.SDMMC_GetCmdError
                0x0000000008004850       0x50 Drivers/STM32F2xx_HAL_Driver/Src/stm32f2xx_ll_sdmmc.o
 .text.SDMMC_GetCmdResp1
                0x00000000080048a0      0x1d8 Drivers/STM32F2xx_HAL_Driver/Src/stm32f2xx_ll_sdmmc.o
 .text.SDMMC_GetCmdResp2
                0x0000000008004a78       0x8c Drivers/STM32F2xx_HAL_Driver/Src/stm32f2xx_ll_sdmmc.o
 .text.SDMMC_GetCmdResp3
                0x0000000008004b04       0x74 Drivers/STM32F2xx_HAL_Driver/Src/stm32f2xx_ll_sdmmc.o
 .text.SDMMC_GetCmdResp6
                0x0000000008004b78       0xe8 Drivers/STM32F2xx_HAL_Driver/Src/stm32f2xx_ll_sdmmc.o
 .text.SDMMC_GetCmdResp7
                0x0000000008004c60       0x98 Drivers/STM32F2xx_HAL_Driver/Src/stm32f2xx_ll_sdmmc.o
 .text.MX_FATFS_Init
                0x0000000008004cf8       0x24 FATFS/App/fatfs.o
                0x0000000008004cf8                MX_FATFS_Init
 .text.BSP_SD_Init
                0x0000000008004d1c       0x4c FATFS/Target/bsp_driver_sd.o
                0x0000000008004d1c                BSP_SD_Init
 .text.BSP_SD_ReadBlocks
                0x0000000008004d68       0x3c FATFS/Target/bsp_driver_sd.o
                0x0000000008004d68                BSP_SD_ReadBlocks
 .text.BSP_SD_WriteBlocks
                0x0000000008004da4       0x3c FATFS/Target/bsp_driver_sd.o
                0x0000000008004da4                BSP_SD_WriteBlocks
 .text.BSP_SD_GetCardState
                0x0000000008004de0       0x20 FATFS/Target/bsp_driver_sd.o
                0x0000000008004de0                BSP_SD_GetCardState
 .text.BSP_SD_GetCardInfo
                0x0000000008004e00       0x1c FATFS/Target/bsp_driver_sd.o
                0x0000000008004e00                BSP_SD_GetCardInfo
 .text.HAL_SD_AbortCallback
                0x0000000008004e1c       0x14 FATFS/Target/bsp_driver_sd.o
                0x0000000008004e1c                HAL_SD_AbortCallback
 .text.HAL_SD_TxCpltCallback
                0x0000000008004e30       0x14 FATFS/Target/bsp_driver_sd.o
                0x0000000008004e30                HAL_SD_TxCpltCallback
 .text.HAL_SD_RxCpltCallback
                0x0000000008004e44       0x14 FATFS/Target/bsp_driver_sd.o
                0x0000000008004e44                HAL_SD_RxCpltCallback
 .text.BSP_SD_AbortCallback
                0x0000000008004e58        0xc FATFS/Target/bsp_driver_sd.o
                0x0000000008004e58                BSP_SD_AbortCallback
 .text.BSP_SD_WriteCpltCallback
                0x0000000008004e64        0xc FATFS/Target/bsp_driver_sd.o
                0x0000000008004e64                BSP_SD_WriteCpltCallback
 .text.BSP_SD_ReadCpltCallback
                0x0000000008004e70        0xc FATFS/Target/bsp_driver_sd.o
                0x0000000008004e70                BSP_SD_ReadCpltCallback
 .text.BSP_SD_IsDetected
                0x0000000008004e7c       0x24 FATFS/Target/bsp_driver_sd.o
                0x0000000008004e7c                BSP_SD_IsDetected
 .text.BSP_PlatformIsDetected
                0x0000000008004ea0       0x2c FATFS/Target/fatfs_platform.o
                0x0000000008004ea0                BSP_PlatformIsDetected
 .text.FATFS_LinkDriverEx
                0x0000000008004ecc       0x94 Middlewares/Third_Party/FatFs/src/ff_gen_drv.o
                0x0000000008004ecc                FATFS_LinkDriverEx
 .text.FATFS_LinkDriver
                0x0000000008004f60       0x1e Middlewares/Third_Party/FatFs/src/ff_gen_drv.o
                0x0000000008004f60                FATFS_LinkDriver
 *fill*         0x0000000008004f7e        0x2 
 .text.SD_initialize
                0x0000000008004f80       0x3c Middlewares/Third_Party/FatFs/src/drivers/sd_diskio.o
                0x0000000008004f80                SD_initialize
 .text.SD_status
                0x0000000008004fbc       0x3c Middlewares/Third_Party/FatFs/src/drivers/sd_diskio.o
                0x0000000008004fbc                SD_status
 .text.SD_read  0x0000000008004ff8       0x5c Middlewares/Third_Party/FatFs/src/drivers/sd_diskio.o
                0x0000000008004ff8                SD_read
 .text.SD_write
                0x0000000008005054       0x5c Middlewares/Third_Party/FatFs/src/drivers/sd_diskio.o
                0x0000000008005054                SD_write
 .text.SD_ioctl
                0x00000000080050b0       0xac Middlewares/Third_Party/FatFs/src/drivers/sd_diskio.o
                0x00000000080050b0                SD_ioctl
 .text.osKernelInitialize
                0x000000000800515c       0x64 Middlewares/Third_Party/FreeRTOS/Source/CMSIS_RTOS_V2/cmsis_os2.o
                0x000000000800515c                osKernelInitialize
 .text.osKernelStart
                0x00000000080051c0       0x68 Middlewares/Third_Party/FreeRTOS/Source/CMSIS_RTOS_V2/cmsis_os2.o
                0x00000000080051c0                osKernelStart
 .text.osThreadNew
                0x0000000008005228      0x154 Middlewares/Third_Party/FreeRTOS/Source/CMSIS_RTOS_V2/cmsis_os2.o
                0x0000000008005228                osThreadNew
 .text.osDelay  0x000000000800537c       0x5c Middlewares/Third_Party/FreeRTOS/Source/CMSIS_RTOS_V2/cmsis_os2.o
                0x000000000800537c                osDelay
 .text.osMutexNew
                0x00000000080053d8      0x134 Middlewares/Third_Party/FreeRTOS/Source/CMSIS_RTOS_V2/cmsis_os2.o
                0x00000000080053d8                osMutexNew
 .text.vApplicationGetIdleTaskMemory
                0x000000000800550c       0x30 Middlewares/Third_Party/FreeRTOS/Source/CMSIS_RTOS_V2/cmsis_os2.o
                0x000000000800550c                vApplicationGetIdleTaskMemory
 .text.vApplicationGetTimerTaskMemory
                0x000000000800553c       0x34 Middlewares/Third_Party/FreeRTOS/Source/CMSIS_RTOS_V2/cmsis_os2.o
                0x000000000800553c                vApplicationGetTimerTaskMemory
 .text.vListInitialise
                0x0000000008005570       0x3e Middlewares/Third_Party/FreeRTOS/Source/list.o
                0x0000000008005570                vListInitialise
 .text.vListInitialiseItem
                0x00000000080055ae       0x18 Middlewares/Third_Party/FreeRTOS/Source/list.o
                0x00000000080055ae                vListInitialiseItem
 .text.vListInsertEnd
                0x00000000080055c6       0x46 Middlewares/Third_Party/FreeRTOS/Source/list.o
                0x00000000080055c6                vListInsertEnd
 .text.vListInsert
                0x000000000800560c       0x70 Middlewares/Third_Party/FreeRTOS/Source/list.o
                0x000000000800560c                vListInsert
 .text.uxListRemove
                0x000000000800567c       0x52 Middlewares/Third_Party/FreeRTOS/Source/list.o
                0x000000000800567c                uxListRemove
 *fill*         0x00000000080056ce        0x2 
 .text.xQueueGenericReset
                0x00000000080056d0       0xd0 Middlewares/Third_Party/FreeRTOS/Source/queue.o
                0x00000000080056d0                xQueueGenericReset
 .text.xQueueGenericCreateStatic
                0x00000000080057a0       0xe4 Middlewares/Third_Party/FreeRTOS/Source/queue.o
                0x00000000080057a0                xQueueGenericCreateStatic
 .text.xQueueGenericCreate
                0x0000000008005884       0x7a Middlewares/Third_Party/FreeRTOS/Source/queue.o
                0x0000000008005884                xQueueGenericCreate
 .text.prvInitialiseNewQueue
                0x00000000080058fe       0x3e Middlewares/Third_Party/FreeRTOS/Source/queue.o
 .text.prvInitialiseMutex
                0x000000000800593c       0x34 Middlewares/Third_Party/FreeRTOS/Source/queue.o
 .text.xQueueCreateMutex
                0x0000000008005970       0x30 Middlewares/Third_Party/FreeRTOS/Source/queue.o
                0x0000000008005970                xQueueCreateMutex
 .text.xQueueCreateMutexStatic
                0x00000000080059a0       0x36 Middlewares/Third_Party/FreeRTOS/Source/queue.o
                0x00000000080059a0                xQueueCreateMutexStatic
 *fill*         0x00000000080059d6        0x2 
 .text.xQueueGenericSend
                0x00000000080059d8      0x1f4 Middlewares/Third_Party/FreeRTOS/Source/queue.o
                0x00000000080059d8                xQueueGenericSend
 .text.xQueueGenericSendFromISR
                0x0000000008005bcc      0x128 Middlewares/Third_Party/FreeRTOS/Source/queue.o
                0x0000000008005bcc                xQueueGenericSendFromISR
 .text.xQueueReceive
                0x0000000008005cf4      0x1b8 Middlewares/Third_Party/FreeRTOS/Source/queue.o
                0x0000000008005cf4                xQueueReceive
 .text.prvCopyDataToQueue
                0x0000000008005eac       0xd4 Middlewares/Third_Party/FreeRTOS/Source/queue.o
 .text.prvCopyDataFromQueue
                0x0000000008005f80       0x4c Middlewares/Third_Party/FreeRTOS/Source/queue.o
 .text.prvUnlockQueue
                0x0000000008005fcc       0xa4 Middlewares/Third_Party/FreeRTOS/Source/queue.o
 .text.prvIsQueueEmpty
                0x0000000008006070       0x2c Middlewares/Third_Party/FreeRTOS/Source/queue.o
 .text.prvIsQueueFull
                0x000000000800609c       0x30 Middlewares/Third_Party/FreeRTOS/Source/queue.o
 .text.vQueueAddToRegistry
                0x00000000080060cc       0x50 Middlewares/Third_Party/FreeRTOS/Source/queue.o
                0x00000000080060cc                vQueueAddToRegistry
 .text.vQueueWaitForMessageRestricted
                0x000000000800611c       0x68 Middlewares/Third_Party/FreeRTOS/Source/queue.o
                0x000000000800611c                vQueueWaitForMessageRestricted
 .text.xTaskCreateStatic
                0x0000000008006184       0xb2 Middlewares/Third_Party/FreeRTOS/Source/tasks.o
                0x0000000008006184                xTaskCreateStatic
 .text.xTaskCreate
                0x0000000008006236       0x8a Middlewares/Third_Party/FreeRTOS/Source/tasks.o
                0x0000000008006236                xTaskCreate
 .text.prvInitialiseNewTask
                0x00000000080062c0      0x10c Middlewares/Third_Party/FreeRTOS/Source/tasks.o
 .text.prvAddNewTaskToReadyList
                0x00000000080063cc       0xd8 Middlewares/Third_Party/FreeRTOS/Source/tasks.o
 .text.vTaskDelay
                0x00000000080064a4       0x68 Middlewares/Third_Party/FreeRTOS/Source/tasks.o
                0x00000000080064a4                vTaskDelay
 .text.vTaskStartScheduler
                0x000000000800650c       0xc8 Middlewares/Third_Party/FreeRTOS/Source/tasks.o
                0x000000000800650c                vTaskStartScheduler
 .text.vTaskSuspendAll
                0x00000000080065d4       0x1c Middlewares/Third_Party/FreeRTOS/Source/tasks.o
                0x00000000080065d4                vTaskSuspendAll
 .text.xTaskResumeAll
                0x00000000080065f0      0x138 Middlewares/Third_Party/FreeRTOS/Source/tasks.o
                0x00000000080065f0                xTaskResumeAll
 .text.xTaskGetTickCount
                0x0000000008006728       0x1c Middlewares/Third_Party/FreeRTOS/Source/tasks.o
                0x0000000008006728                xTaskGetTickCount
 .text.xTaskIncrementTick
                0x0000000008006744      0x17c Middlewares/Third_Party/FreeRTOS/Source/tasks.o
                0x0000000008006744                xTaskIncrementTick
 .text.vTaskSwitchContext
                0x00000000080068c0       0xb8 Middlewares/Third_Party/FreeRTOS/Source/tasks.o
                0x00000000080068c0                vTaskSwitchContext
 .text.vTaskPlaceOnEventList
                0x0000000008006978       0x48 Middlewares/Third_Party/FreeRTOS/Source/tasks.o
                0x0000000008006978                vTaskPlaceOnEventList
 .text.vTaskPlaceOnEventListRestricted
                0x00000000080069c0       0x54 Middlewares/Third_Party/FreeRTOS/Source/tasks.o
                0x00000000080069c0                vTaskPlaceOnEventListRestricted
 .text.xTaskRemoveFromEventList
                0x0000000008006a14       0xc4 Middlewares/Third_Party/FreeRTOS/Source/tasks.o
                0x0000000008006a14                xTaskRemoveFromEventList
 .text.vTaskInternalSetTimeOutState
                0x0000000008006ad8       0x2c Middlewares/Third_Party/FreeRTOS/Source/tasks.o
                0x0000000008006ad8                vTaskInternalSetTimeOutState
 .text.xTaskCheckForTimeOut
                0x0000000008006b04       0xc0 Middlewares/Third_Party/FreeRTOS/Source/tasks.o
                0x0000000008006b04                xTaskCheckForTimeOut
 .text.vTaskMissedYield
                0x0000000008006bc4       0x18 Middlewares/Third_Party/FreeRTOS/Source/tasks.o
                0x0000000008006bc4                vTaskMissedYield
 .text.prvIdleTask
                0x0000000008006bdc       0x30 Middlewares/Third_Party/FreeRTOS/Source/tasks.o
 .text.prvInitialiseTaskLists
                0x0000000008006c0c       0x80 Middlewares/Third_Party/FreeRTOS/Source/tasks.o
 .text.prvCheckTasksWaitingTermination
                0x0000000008006c8c       0x58 Middlewares/Third_Party/FreeRTOS/Source/tasks.o
 .text.prvDeleteTCB
                0x0000000008006ce4       0x5c Middlewares/Third_Party/FreeRTOS/Source/tasks.o
 .text.prvResetNextTaskUnblockTime
                0x0000000008006d40       0x48 Middlewares/Third_Party/FreeRTOS/Source/tasks.o
 .text.xTaskGetSchedulerState
                0x0000000008006d88       0x3c Middlewares/Third_Party/FreeRTOS/Source/tasks.o
                0x0000000008006d88                xTaskGetSchedulerState
 .text.xTaskPriorityDisinherit
                0x0000000008006dc4       0xd8 Middlewares/Third_Party/FreeRTOS/Source/tasks.o
                0x0000000008006dc4                xTaskPriorityDisinherit
 .text.prvAddCurrentTaskToDelayedList
                0x0000000008006e9c       0xa8 Middlewares/Third_Party/FreeRTOS/Source/tasks.o
 .text.xTimerCreateTimerTask
                0x0000000008006f44       0x90 Middlewares/Third_Party/FreeRTOS/Source/timers.o
                0x0000000008006f44                xTimerCreateTimerTask
 .text.xTimerGenericCommand
                0x0000000008006fd4       0x98 Middlewares/Third_Party/FreeRTOS/Source/timers.o
                0x0000000008006fd4                xTimerGenericCommand
 .text.prvProcessExpiredTimer
                0x000000000800706c       0x80 Middlewares/Third_Party/FreeRTOS/Source/timers.o
 .text.prvTimerTask
                0x00000000080070ec       0x24 Middlewares/Third_Party/FreeRTOS/Source/timers.o
 .text.prvProcessTimerOrBlockTask
                0x0000000008007110       0x9c Middlewares/Third_Party/FreeRTOS/Source/timers.o
 .text.prvGetNextExpireTime
                0x00000000080071ac       0x48 Middlewares/Third_Party/FreeRTOS/Source/timers.o
 .text.prvSampleTimeNow
                0x00000000080071f4       0x40 Middlewares/Third_Party/FreeRTOS/Source/timers.o
 .text.prvInsertTimerInActiveList
                0x0000000008007234       0x84 Middlewares/Third_Party/FreeRTOS/Source/timers.o
 .text.prvProcessReceivedCommands
                0x00000000080072b8      0x160 Middlewares/Third_Party/FreeRTOS/Source/timers.o
 .text.prvSwitchTimerLists
                0x0000000008007418       0xc0 Middlewares/Third_Party/FreeRTOS/Source/timers.o
 .text.prvCheckForValidListAndQueue
                0x00000000080074d8       0x80 Middlewares/Third_Party/FreeRTOS/Source/timers.o
 .text.pxPortInitialiseStack
                0x0000000008007558       0x58 Middlewares/Third_Party/FreeRTOS/Source/portable/GCC/ARM_CM3/port.o
                0x0000000008007558                pxPortInitialiseStack
 .text.prvTaskExitError
                0x00000000080075b0       0x50 Middlewares/Third_Party/FreeRTOS/Source/portable/GCC/ARM_CM3/port.o
 .text.SVC_Handler
                0x0000000008007600       0x28 Middlewares/Third_Party/FreeRTOS/Source/portable/GCC/ARM_CM3/port.o
                0x0000000008007600                SVC_Handler
 .text.prvPortStartFirstTask
                0x0000000008007628       0x20 Middlewares/Third_Party/FreeRTOS/Source/portable/GCC/ARM_CM3/port.o
 .text.xPortStartScheduler
                0x0000000008007648       0xe0 Middlewares/Third_Party/FreeRTOS/Source/portable/GCC/ARM_CM3/port.o
                0x0000000008007648                xPortStartScheduler
 .text.vPortEnterCritical
                0x0000000008007728       0x5c Middlewares/Third_Party/FreeRTOS/Source/portable/GCC/ARM_CM3/port.o
                0x0000000008007728                vPortEnterCritical
 .text.vPortExitCritical
                0x0000000008007784       0x4c Middlewares/Third_Party/FreeRTOS/Source/portable/GCC/ARM_CM3/port.o
                0x0000000008007784                vPortExitCritical
 .text.PendSV_Handler
                0x00000000080077d0       0x48 Middlewares/Third_Party/FreeRTOS/Source/portable/GCC/ARM_CM3/port.o
                0x00000000080077d0                PendSV_Handler
 .text.SysTick_Handler
                0x0000000008007818       0x40 Middlewares/Third_Party/FreeRTOS/Source/portable/GCC/ARM_CM3/port.o
                0x0000000008007818                SysTick_Handler
 .text.vPortSetupTimerInterrupt
                0x0000000008007858       0x44 Middlewares/Third_Party/FreeRTOS/Source/portable/GCC/ARM_CM3/port.o
                0x0000000008007858                vPortSetupTimerInterrupt
 .text.vPortValidateInterruptPriority
                0x000000000800789c       0x78 Middlewares/Third_Party/FreeRTOS/Source/portable/GCC/ARM_CM3/port.o
                0x000000000800789c                vPortValidateInterruptPriority
 .text.pvPortMalloc
                0x0000000008007914      0x184 Middlewares/Third_Party/FreeRTOS/Source/portable/MemMang/heap_4.o
                0x0000000008007914                pvPortMalloc
 .text.vPortFree
                0x0000000008007a98       0xb0 Middlewares/Third_Party/FreeRTOS/Source/portable/MemMang/heap_4.o
                0x0000000008007a98                vPortFree
 .text.prvHeapInit
                0x0000000008007b48       0xc4 Middlewares/Third_Party/FreeRTOS/Source/portable/MemMang/heap_4.o
 .text.prvInsertBlockIntoFreeList
                0x0000000008007c0c       0xb0 Middlewares/Third_Party/FreeRTOS/Source/portable/MemMang/heap_4.o
 .text.__libc_init_array
                0x0000000008007cbc       0x48 c:/st/stm32cubeide_1.5.1/stm32cubeide/plugins/com.st.stm32cube.ide.mcu.externaltools.gnu-tools-for-stm32.7-2018-q2-update.win32_1.5.0.202011040924/tools/bin/../lib/gcc/arm-none-eabi/7.3.1/../../../../arm-none-eabi/lib/thumb/v7-m\libc_nano.a(lib_a-init.o)
                0x0000000008007cbc                __libc_init_array
 .text.memcpy   0x0000000008007d04       0x16 c:/st/stm32cubeide_1.5.1/stm32cubeide/plugins/com.st.stm32cube.ide.mcu.externaltools.gnu-tools-for-stm32.7-2018-q2-update.win32_1.5.0.202011040924/tools/bin/../lib/gcc/arm-none-eabi/7.3.1/../../../../arm-none-eabi/lib/thumb/v7-m\libc_nano.a(lib_a-memcpy-stub.o)
                0x0000000008007d04                memcpy
 .text.memset   0x0000000008007d1a       0x10 c:/st/stm32cubeide_1.5.1/stm32cubeide/plugins/com.st.stm32cube.ide.mcu.externaltools.gnu-tools-for-stm32.7-2018-q2-update.win32_1.5.0.202011040924/tools/bin/../lib/gcc/arm-none-eabi/7.3.1/../../../../arm-none-eabi/lib/thumb/v7-m\libc_nano.a(lib_a-memset.o)
                0x0000000008007d1a                memset
 *(.glue_7)
 .glue_7        0x0000000008007d2a        0x0 linker stubs
 *(.glue_7t)
 .glue_7t       0x0000000008007d2a        0x0 linker stubs
 *(.eh_frame)
 *fill*         0x0000000008007d2a        0x2 
 .eh_frame      0x0000000008007d2c        0x0 c:/st/stm32cubeide_1.5.1/stm32cubeide/plugins/com.st.stm32cube.ide.mcu.externaltools.gnu-tools-for-stm32.7-2018-q2-update.win32_1.5.0.202011040924/tools/bin/../lib/gcc/arm-none-eabi/7.3.1/thumb/v7-m/crtbegin.o
 *(.init)
 .init          0x0000000008007d2c        0x4 c:/st/stm32cubeide_1.5.1/stm32cubeide/plugins/com.st.stm32cube.ide.mcu.externaltools.gnu-tools-for-stm32.7-2018-q2-update.win32_1.5.0.202011040924/tools/bin/../lib/gcc/arm-none-eabi/7.3.1/thumb/v7-m/crti.o
                0x0000000008007d2c                _init
 .init          0x0000000008007d30        0x8 c:/st/stm32cubeide_1.5.1/stm32cubeide/plugins/com.st.stm32cube.ide.mcu.externaltools.gnu-tools-for-stm32.7-2018-q2-update.win32_1.5.0.202011040924/tools/bin/../lib/gcc/arm-none-eabi/7.3.1/thumb/v7-m/crtn.o
 *(.fini)
 .fini          0x0000000008007d38        0x4 c:/st/stm32cubeide_1.5.1/stm32cubeide/plugins/com.st.stm32cube.ide.mcu.externaltools.gnu-tools-for-stm32.7-2018-q2-update.win32_1.5.0.202011040924/tools/bin/../lib/gcc/arm-none-eabi/7.3.1/thumb/v7-m/crti.o
                0x0000000008007d38                _fini
 .fini          0x0000000008007d3c        0x8 c:/st/stm32cubeide_1.5.1/stm32cubeide/plugins/com.st.stm32cube.ide.mcu.externaltools.gnu-tools-for-stm32.7-2018-q2-update.win32_1.5.0.202011040924/tools/bin/../lib/gcc/arm-none-eabi/7.3.1/thumb/v7-m/crtn.o
                0x0000000008007d44                . = ALIGN (0x4)
                0x0000000008007d44                _etext = .

.vfp11_veneer   0x0000000008007d44        0x0
 .vfp11_veneer  0x0000000008007d44        0x0 linker stubs

.v4_bx          0x0000000008007d44        0x0
 .v4_bx         0x0000000008007d44        0x0 linker stubs

.iplt           0x0000000008007d44        0x0
 .iplt          0x0000000008007d44        0x0 c:/st/stm32cubeide_1.5.1/stm32cubeide/plugins/com.st.stm32cube.ide.mcu.externaltools.gnu-tools-for-stm32.7-2018-q2-update.win32_1.5.0.202011040924/tools/bin/../lib/gcc/arm-none-eabi/7.3.1/thumb/v7-m/crtbegin.o

.rodata         0x0000000008007d44       0xc8
                0x0000000008007d44                . = ALIGN (0x4)
 *(.rodata)
 .rodata        0x0000000008007d44       0x22 Core/Src/main.o
 *fill*         0x0000000008007d66        0x2 
 .rodata        0x0000000008007d68        0x5 Middlewares/Third_Party/FreeRTOS/Source/tasks.o
 *fill*         0x0000000008007d6d        0x3 
 .rodata        0x0000000008007d70        0xd Middlewares/Third_Party/FreeRTOS/Source/timers.o
 *(.rodata*)
 *fill*         0x0000000008007d7d        0x3 
 .rodata.firstTask_attributes
                0x0000000008007d80       0x24 Core/Src/main.o
                0x0000000008007d80                firstTask_attributes
 .rodata.myTask02_attributes
                0x0000000008007da4       0x24 Core/Src/main.o
                0x0000000008007da4                myTask02_attributes
 .rodata.myMutex01_attributes
                0x0000000008007dc8       0x10 Core/Src/main.o
                0x0000000008007dc8                myMutex01_attributes
 .rodata.AHBPrescTable
                0x0000000008007dd8       0x10 Core/Src/system_stm32f2xx.o
                0x0000000008007dd8                AHBPrescTable
 .rodata.APBPrescTable
                0x0000000008007de8        0x8 Core/Src/system_stm32f2xx.o
                0x0000000008007de8                APBPrescTable
 .rodata.flagBitshiftOffset.6860
                0x0000000008007df0        0x8 Drivers/STM32F2xx_HAL_Driver/Src/stm32f2xx_hal_dma.o
 .rodata.SD_Driver
                0x0000000008007df8       0x14 Middlewares/Third_Party/FatFs/src/drivers/sd_diskio.o
                0x0000000008007df8                SD_Driver
                0x0000000008007e0c                . = ALIGN (0x4)

.ARM.extab      0x0000000008007e0c        0x0
                0x0000000008007e0c                . = ALIGN (0x4)
 *(.ARM.extab* .gnu.linkonce.armextab.*)
                0x0000000008007e0c                . = ALIGN (0x4)

.ARM            0x0000000008007e0c        0x8
                0x0000000008007e0c                . = ALIGN (0x4)
                0x0000000008007e0c                __exidx_start = .
 *(.ARM.exidx*)
 .ARM.exidx     0x0000000008007e0c        0x8 c:/st/stm32cubeide_1.5.1/stm32cubeide/plugins/com.st.stm32cube.ide.mcu.externaltools.gnu-tools-for-stm32.7-2018-q2-update.win32_1.5.0.202011040924/tools/bin/../lib/gcc/arm-none-eabi/7.3.1/thumb/v7-m\libgcc.a(_udivmoddi4.o)
                0x0000000008007e14                __exidx_end = .
                0x0000000008007e14                . = ALIGN (0x4)

.rel.dyn        0x0000000008007e14        0x0
 .rel.iplt      0x0000000008007e14        0x0 c:/st/stm32cubeide_1.5.1/stm32cubeide/plugins/com.st.stm32cube.ide.mcu.externaltools.gnu-tools-for-stm32.7-2018-q2-update.win32_1.5.0.202011040924/tools/bin/../lib/gcc/arm-none-eabi/7.3.1/thumb/v7-m/crtbegin.o

.preinit_array  0x0000000008007e14        0x0
                0x0000000008007e14                . = ALIGN (0x4)
                0x0000000008007e14                PROVIDE (__preinit_array_start = .)
 *(.preinit_array*)
                0x0000000008007e14                PROVIDE (__preinit_array_end = .)
                0x0000000008007e14                . = ALIGN (0x4)

.init_array     0x0000000008007e14        0x4
                0x0000000008007e14                . = ALIGN (0x4)
                0x0000000008007e14                PROVIDE (__init_array_start = .)
 *(SORT_BY_NAME(.init_array.*))
 *(.init_array*)
 .init_array    0x0000000008007e14        0x4 c:/st/stm32cubeide_1.5.1/stm32cubeide/plugins/com.st.stm32cube.ide.mcu.externaltools.gnu-tools-for-stm32.7-2018-q2-update.win32_1.5.0.202011040924/tools/bin/../lib/gcc/arm-none-eabi/7.3.1/thumb/v7-m/crtbegin.o
                0x0000000008007e18                PROVIDE (__init_array_end = .)
                0x0000000008007e18                . = ALIGN (0x4)

.fini_array     0x0000000008007e18        0x4
                0x0000000008007e18                . = ALIGN (0x4)
                [!provide]                        PROVIDE (__fini_array_start = .)
 *(SORT_BY_NAME(.fini_array.*))
 *(.fini_array*)
 .fini_array    0x0000000008007e18        0x4 c:/st/stm32cubeide_1.5.1/stm32cubeide/plugins/com.st.stm32cube.ide.mcu.externaltools.gnu-tools-for-stm32.7-2018-q2-update.win32_1.5.0.202011040924/tools/bin/../lib/gcc/arm-none-eabi/7.3.1/thumb/v7-m/crtbegin.o
                [!provide]                        PROVIDE (__fini_array_end = .)
                0x0000000008007e1c                . = ALIGN (0x4)
                0x0000000008007e1c                _sidata = LOADADDR (.data)

.data           0x0000000020000000       0x10 load address 0x0000000008007e1c
                0x0000000020000000                . = ALIGN (0x4)
                0x0000000020000000                _sdata = .
 *(.data)
 *(.data*)
 .data.SystemCoreClock
                0x0000000020000000        0x4 Core/Src/system_stm32f2xx.o
                0x0000000020000000                SystemCoreClock
 .data.uwTickPrio
                0x0000000020000004        0x4 Drivers/STM32F2xx_HAL_Driver/Src/stm32f2xx_hal.o
                0x0000000020000004                uwTickPrio
 .data.uwTickFreq
                0x0000000020000008        0x1 Drivers/STM32F2xx_HAL_Driver/Src/stm32f2xx_hal.o
                0x0000000020000008                uwTickFreq
 .data.Stat     0x0000000020000009        0x1 Middlewares/Third_Party/FatFs/src/drivers/sd_diskio.o
 *fill*         0x000000002000000a        0x2 
 .data.uxCriticalNesting
                0x000000002000000c        0x4 Middlewares/Third_Party/FreeRTOS/Source/portable/GCC/ARM_CM3/port.o
 *(.RamFunc)
 *(.RamFunc*)
                0x0000000020000010                . = ALIGN (0x4)
                0x0000000020000010                _edata = .

.igot.plt       0x0000000020000010        0x0 load address 0x0000000008007e2c
 .igot.plt      0x0000000020000010        0x0 c:/st/stm32cubeide_1.5.1/stm32cubeide/plugins/com.st.stm32cube.ide.mcu.externaltools.gnu-tools-for-stm32.7-2018-q2-update.win32_1.5.0.202011040924/tools/bin/../lib/gcc/arm-none-eabi/7.3.1/thumb/v7-m/crtbegin.o
                0x0000000020000010                . = ALIGN (0x4)

.bss            0x0000000020000010     0xac00 load address 0x0000000008007e2c
                0x0000000020000010                _sbss = .
                0x0000000020000010                __bss_start__ = _sbss
 *(.bss)
 .bss           0x0000000020000010       0x1c c:/st/stm32cubeide_1.5.1/stm32cubeide/plugins/com.st.stm32cube.ide.mcu.externaltools.gnu-tools-for-stm32.7-2018-q2-update.win32_1.5.0.202011040924/tools/bin/../lib/gcc/arm-none-eabi/7.3.1/thumb/v7-m/crtbegin.o
 *(.bss*)
 .bss.disk      0x000000002000002c        0xc Middlewares/Third_Party/FatFs/src/ff_gen_drv.o
                0x000000002000002c                disk
 .bss.KernelState
                0x0000000020000038        0x4 Middlewares/Third_Party/FreeRTOS/Source/CMSIS_RTOS_V2/cmsis_os2.o
 .bss.Idle_TCB  0x000000002000003c       0x54 Middlewares/Third_Party/FreeRTOS/Source/CMSIS_RTOS_V2/cmsis_os2.o
 .bss.Idle_Stack
                0x0000000020000090      0x200 Middlewares/Third_Party/FreeRTOS/Source/CMSIS_RTOS_V2/cmsis_os2.o
 .bss.Timer_TCB
                0x0000000020000290       0x54 Middlewares/Third_Party/FreeRTOS/Source/CMSIS_RTOS_V2/cmsis_os2.o
 .bss.Timer_Stack
                0x00000000200002e4      0x400 Middlewares/Third_Party/FreeRTOS/Source/CMSIS_RTOS_V2/cmsis_os2.o
 .bss.pxCurrentTCB
                0x00000000200006e4        0x4 Middlewares/Third_Party/FreeRTOS/Source/tasks.o
                0x00000000200006e4                pxCurrentTCB
 .bss.pxReadyTasksLists
                0x00000000200006e8      0x460 Middlewares/Third_Party/FreeRTOS/Source/tasks.o
 .bss.xDelayedTaskList1
                0x0000000020000b48       0x14 Middlewares/Third_Party/FreeRTOS/Source/tasks.o
 .bss.xDelayedTaskList2
                0x0000000020000b5c       0x14 Middlewares/Third_Party/FreeRTOS/Source/tasks.o
 .bss.pxDelayedTaskList
                0x0000000020000b70        0x4 Middlewares/Third_Party/FreeRTOS/Source/tasks.o
 .bss.pxOverflowDelayedTaskList
                0x0000000020000b74        0x4 Middlewares/Third_Party/FreeRTOS/Source/tasks.o
 .bss.xPendingReadyList
                0x0000000020000b78       0x14 Middlewares/Third_Party/FreeRTOS/Source/tasks.o
 .bss.xTasksWaitingTermination
                0x0000000020000b8c       0x14 Middlewares/Third_Party/FreeRTOS/Source/tasks.o
 .bss.uxDeletedTasksWaitingCleanUp
                0x0000000020000ba0        0x4 Middlewares/Third_Party/FreeRTOS/Source/tasks.o
 .bss.xSuspendedTaskList
                0x0000000020000ba4       0x14 Middlewares/Third_Party/FreeRTOS/Source/tasks.o
 .bss.uxCurrentNumberOfTasks
                0x0000000020000bb8        0x4 Middlewares/Third_Party/FreeRTOS/Source/tasks.o
 .bss.xTickCount
                0x0000000020000bbc        0x4 Middlewares/Third_Party/FreeRTOS/Source/tasks.o
 .bss.uxTopReadyPriority
                0x0000000020000bc0        0x4 Middlewares/Third_Party/FreeRTOS/Source/tasks.o
 .bss.xSchedulerRunning
                0x0000000020000bc4        0x4 Middlewares/Third_Party/FreeRTOS/Source/tasks.o
 .bss.uxPendedTicks
                0x0000000020000bc8        0x4 Middlewares/Third_Party/FreeRTOS/Source/tasks.o
 .bss.xYieldPending
                0x0000000020000bcc        0x4 Middlewares/Third_Party/FreeRTOS/Source/tasks.o
 .bss.xNumOfOverflows
                0x0000000020000bd0        0x4 Middlewares/Third_Party/FreeRTOS/Source/tasks.o
 .bss.uxTaskNumber
                0x0000000020000bd4        0x4 Middlewares/Third_Party/FreeRTOS/Source/tasks.o
 .bss.xNextTaskUnblockTime
                0x0000000020000bd8        0x4 Middlewares/Third_Party/FreeRTOS/Source/tasks.o
 .bss.xIdleTaskHandle
                0x0000000020000bdc        0x4 Middlewares/Third_Party/FreeRTOS/Source/tasks.o
 .bss.uxSchedulerSuspended
                0x0000000020000be0        0x4 Middlewares/Third_Party/FreeRTOS/Source/tasks.o
 .bss.xActiveTimerList1
                0x0000000020000be4       0x14 Middlewares/Third_Party/FreeRTOS/Source/timers.o
 .bss.xActiveTimerList2
                0x0000000020000bf8       0x14 Middlewares/Third_Party/FreeRTOS/Source/timers.o
 .bss.pxCurrentTimerList
                0x0000000020000c0c        0x4 Middlewares/Third_Party/FreeRTOS/Source/timers.o
 .bss.pxOverflowTimerList
                0x0000000020000c10        0x4 Middlewares/Third_Party/FreeRTOS/Source/timers.o
 .bss.xTimerQueue
                0x0000000020000c14        0x4 Middlewares/Third_Party/FreeRTOS/Source/timers.o
 .bss.xTimerTaskHandle
                0x0000000020000c18        0x4 Middlewares/Third_Party/FreeRTOS/Source/timers.o
 .bss.xLastTime.5440
                0x0000000020000c1c        0x4 Middlewares/Third_Party/FreeRTOS/Source/timers.o
 .bss.ucStaticTimerQueueStorage.5491
                0x0000000020000c20       0xa0 Middlewares/Third_Party/FreeRTOS/Source/timers.o
 .bss.xStaticTimerQueue.5490
                0x0000000020000cc0       0x48 Middlewares/Third_Party/FreeRTOS/Source/timers.o
 .bss.ucMaxSysCallPriority
                0x0000000020000d08        0x1 Middlewares/Third_Party/FreeRTOS/Source/portable/GCC/ARM_CM3/port.o
 *fill*         0x0000000020000d09        0x3 
 .bss.ulMaxPRIGROUPValue
                0x0000000020000d0c        0x4 Middlewares/Third_Party/FreeRTOS/Source/portable/GCC/ARM_CM3/port.o
 .bss.ucHeap    0x0000000020000d10     0x3c00 Middlewares/Third_Party/FreeRTOS/Source/portable/MemMang/heap_4.o
 .bss.xStart    0x0000000020004910        0x8 Middlewares/Third_Party/FreeRTOS/Source/portable/MemMang/heap_4.o
 .bss.pxEnd     0x0000000020004918        0x4 Middlewares/Third_Party/FreeRTOS/Source/portable/MemMang/heap_4.o
 .bss.xFreeBytesRemaining
                0x000000002000491c        0x4 Middlewares/Third_Party/FreeRTOS/Source/portable/MemMang/heap_4.o
 .bss.xMinimumEverFreeBytesRemaining
                0x0000000020004920        0x4 Middlewares/Third_Party/FreeRTOS/Source/portable/MemMang/heap_4.o
 .bss.xBlockAllocatedBit
                0x0000000020004924        0x4 Middlewares/Third_Party/FreeRTOS/Source/portable/MemMang/heap_4.o
 *(COMMON)
 COMMON         0x0000000020004928     0x41f8 Core/Src/main.o
                0x0000000020004928                hdma_sdio_rx
                0x0000000020004988                huart3
                0x00000000200049c8                workBuffer
                0x00000000200069c8                firstTaskHandle
                0x00000000200069cc                SDPath
                0x00000000200069d0                myTask02Handle
                0x00000000200069d4                SDFatFs
                0x0000000020007a08                hdma_sdio_tx
                0x0000000020007a68                hsd
                0x0000000020007aec                MyFile
                0x0000000020008b18                ConnectionEvent
                0x0000000020008b1c                myMutex01Handle
 COMMON         0x0000000020008b20       0x48 Core/Src/stm32f2xx_hal_timebase_tim.o
                0x0000000020008b20                htim9
 COMMON         0x0000000020008b68        0x4 Drivers/STM32F2xx_HAL_Driver/Src/stm32f2xx_hal.o
                0x0000000020008b68                uwTick
 COMMON         0x0000000020008b6c     0x2064 FATFS/App/fatfs.o
                0x0000000020008b6c                retSD
                0x0000000020008b70                SDFile
                0x0000000020009b9c                SDFatFS
 COMMON         0x000000002000abd0       0x40 Middlewares/Third_Party/FreeRTOS/Source/queue.o
                0x000000002000abd0                xQueueRegistry
                0x000000002000ac10                . = ALIGN (0x4)
                0x000000002000ac10                _ebss = .
                0x000000002000ac10                __bss_end__ = _ebss

._user_heap_stack
                0x000000002000ac10     0x2000 load address 0x0000000008007e2c
                0x000000002000ac10                . = ALIGN (0x8)
                [!provide]                        PROVIDE (end = .)
                0x000000002000ac10                PROVIDE (_end = .)
                0x000000002000bc10                . = (. + _Min_Heap_Size)
 *fill*         0x000000002000ac10     0x1000 
                0x000000002000cc10                . = (. + _Min_Stack_Size)
 *fill*         0x000000002000bc10     0x1000 
                0x000000002000cc10                . = ALIGN (0x8)

/DISCARD/
 libc.a(*)
 libm.a(*)
 libgcc.a(*)

.ARM.attributes
                0x0000000000000000       0x29
 *(.ARM.attributes)
 .ARM.attributes
                0x0000000000000000       0x1d c:/st/stm32cubeide_1.5.1/stm32cubeide/plugins/com.st.stm32cube.ide.mcu.externaltools.gnu-tools-for-stm32.7-2018-q2-update.win32_1.5.0.202011040924/tools/bin/../lib/gcc/arm-none-eabi/7.3.1/thumb/v7-m/crti.o
 .ARM.attributes
                0x000000000000001d       0x2d c:/st/stm32cubeide_1.5.1/stm32cubeide/plugins/com.st.stm32cube.ide.mcu.externaltools.gnu-tools-for-stm32.7-2018-q2-update.win32_1.5.0.202011040924/tools/bin/../lib/gcc/arm-none-eabi/7.3.1/thumb/v7-m/crtbegin.o
 .ARM.attributes
                0x000000000000004a       0x33 Core/Src/main.o
 .ARM.attributes
                0x000000000000007d       0x33 Core/Src/stm32f2xx_hal_msp.o
 .ARM.attributes
                0x00000000000000b0       0x33 Core/Src/stm32f2xx_hal_timebase_tim.o
 .ARM.attributes
                0x00000000000000e3       0x33 Core/Src/stm32f2xx_it.o
 .ARM.attributes
                0x0000000000000116       0x33 Core/Src/system_stm32f2xx.o
 .ARM.attributes
                0x0000000000000149       0x21 Core/Startup/startup_stm32f207zgtx.o
 .ARM.attributes
                0x000000000000016a       0x33 Drivers/STM32F2xx_HAL_Driver/Src/stm32f2xx_hal.o
 .ARM.attributes
                0x000000000000019d       0x33 Drivers/STM32F2xx_HAL_Driver/Src/stm32f2xx_hal_cortex.o
 .ARM.attributes
                0x00000000000001d0       0x33 Drivers/STM32F2xx_HAL_Driver/Src/stm32f2xx_hal_dma.o
 .ARM.attributes
                0x0000000000000203       0x33 Drivers/STM32F2xx_HAL_Driver/Src/stm32f2xx_hal_gpio.o
 .ARM.attributes
                0x0000000000000236       0x33 Drivers/STM32F2xx_HAL_Driver/Src/stm32f2xx_hal_rcc.o
 .ARM.attributes
                0x0000000000000269       0x33 Drivers/STM32F2xx_HAL_Driver/Src/stm32f2xx_hal_sd.o
 .ARM.attributes
                0x000000000000029c       0x33 Drivers/STM32F2xx_HAL_Driver/Src/stm32f2xx_hal_tim.o
 .ARM.attributes
                0x00000000000002cf       0x33 Drivers/STM32F2xx_HAL_Driver/Src/stm32f2xx_hal_tim_ex.o
 .ARM.attributes
                0x0000000000000302       0x33 Drivers/STM32F2xx_HAL_Driver/Src/stm32f2xx_hal_uart.o
 .ARM.attributes
                0x0000000000000335       0x33 Drivers/STM32F2xx_HAL_Driver/Src/stm32f2xx_ll_sdmmc.o
 .ARM.attributes
                0x0000000000000368       0x33 FATFS/App/fatfs.o
 .ARM.attributes
                0x000000000000039b       0x33 FATFS/Target/bsp_driver_sd.o
 .ARM.attributes
                0x00000000000003ce       0x33 FATFS/Target/fatfs_platform.o
 .ARM.attributes
                0x0000000000000401       0x33 Middlewares/Third_Party/FatFs/src/ff_gen_drv.o
 .ARM.attributes
                0x0000000000000434       0x33 Middlewares/Third_Party/FatFs/src/drivers/sd_diskio.o
 .ARM.attributes
                0x0000000000000467       0x33 Middlewares/Third_Party/FreeRTOS/Source/CMSIS_RTOS_V2/cmsis_os2.o
 .ARM.attributes
                0x000000000000049a       0x33 Middlewares/Third_Party/FreeRTOS/Source/list.o
 .ARM.attributes
                0x00000000000004cd       0x33 Middlewares/Third_Party/FreeRTOS/Source/queue.o
 .ARM.attributes
                0x0000000000000500       0x33 Middlewares/Third_Party/FreeRTOS/Source/tasks.o
 .ARM.attributes
                0x0000000000000533       0x33 Middlewares/Third_Party/FreeRTOS/Source/timers.o
 .ARM.attributes
                0x0000000000000566       0x33 Middlewares/Third_Party/FreeRTOS/Source/portable/GCC/ARM_CM3/port.o
 .ARM.attributes
                0x0000000000000599       0x33 Middlewares/Third_Party/FreeRTOS/Source/portable/MemMang/heap_4.o
 .ARM.attributes
                0x00000000000005cc       0x2d c:/st/stm32cubeide_1.5.1/stm32cubeide/plugins/com.st.stm32cube.ide.mcu.externaltools.gnu-tools-for-stm32.7-2018-q2-update.win32_1.5.0.202011040924/tools/bin/../lib/gcc/arm-none-eabi/7.3.1/../../../../arm-none-eabi/lib/thumb/v7-m\libc_nano.a(lib_a-init.o)
 .ARM.attributes
                0x00000000000005f9       0x2d c:/st/stm32cubeide_1.5.1/stm32cubeide/plugins/com.st.stm32cube.ide.mcu.externaltools.gnu-tools-for-stm32.7-2018-q2-update.win32_1.5.0.202011040924/tools/bin/../lib/gcc/arm-none-eabi/7.3.1/../../../../arm-none-eabi/lib/thumb/v7-m\libc_nano.a(lib_a-memcpy-stub.o)
 .ARM.attributes
                0x0000000000000626       0x2d c:/st/stm32cubeide_1.5.1/stm32cubeide/plugins/com.st.stm32cube.ide.mcu.externaltools.gnu-tools-for-stm32.7-2018-q2-update.win32_1.5.0.202011040924/tools/bin/../lib/gcc/arm-none-eabi/7.3.1/../../../../arm-none-eabi/lib/thumb/v7-m\libc_nano.a(lib_a-memset.o)
 .ARM.attributes
                0x0000000000000653       0x1d c:/st/stm32cubeide_1.5.1/stm32cubeide/plugins/com.st.stm32cube.ide.mcu.externaltools.gnu-tools-for-stm32.7-2018-q2-update.win32_1.5.0.202011040924/tools/bin/../lib/gcc/arm-none-eabi/7.3.1/thumb/v7-m\libgcc.a(_aeabi_uldivmod.o)
 .ARM.attributes
                0x0000000000000670       0x2d c:/st/stm32cubeide_1.5.1/stm32cubeide/plugins/com.st.stm32cube.ide.mcu.externaltools.gnu-tools-for-stm32.7-2018-q2-update.win32_1.5.0.202011040924/tools/bin/../lib/gcc/arm-none-eabi/7.3.1/thumb/v7-m\libgcc.a(_udivmoddi4.o)
 .ARM.attributes
                0x000000000000069d       0x1d c:/st/stm32cubeide_1.5.1/stm32cubeide/plugins/com.st.stm32cube.ide.mcu.externaltools.gnu-tools-for-stm32.7-2018-q2-update.win32_1.5.0.202011040924/tools/bin/../lib/gcc/arm-none-eabi/7.3.1/thumb/v7-m\libgcc.a(_dvmd_tls.o)
 .ARM.attributes
                0x00000000000006ba       0x1d c:/st/stm32cubeide_1.5.1/stm32cubeide/plugins/com.st.stm32cube.ide.mcu.externaltools.gnu-tools-for-stm32.7-2018-q2-update.win32_1.5.0.202011040924/tools/bin/../lib/gcc/arm-none-eabi/7.3.1/thumb/v7-m/crtn.o
OUTPUT(FatFS_uSD_RTOS_207ZG.elf elf32-littlearm)

.debug_info     0x0000000000000000    0x1d2f4
 .debug_info    0x0000000000000000     0x1baf Core/Src/main.o
 .debug_info    0x0000000000001baf      0xf7a Core/Src/stm32f2xx_hal_msp.o
 .debug_info    0x0000000000002b29      0xbcd Core/Src/stm32f2xx_hal_timebase_tim.o
 .debug_info    0x00000000000036f6      0xaed Core/Src/stm32f2xx_it.o
 .debug_info    0x00000000000041e3      0x3b0 Core/Src/system_stm32f2xx.o
 .debug_info    0x0000000000004593       0x22 Core/Startup/startup_stm32f207zgtx.o
 .debug_info    0x00000000000045b5      0x9be Drivers/STM32F2xx_HAL_Driver/Src/stm32f2xx_hal.o
 .debug_info    0x0000000000004f73      0xe28 Drivers/STM32F2xx_HAL_Driver/Src/stm32f2xx_hal_cortex.o
 .debug_info    0x0000000000005d9b      0x968 Drivers/STM32F2xx_HAL_Driver/Src/stm32f2xx_hal_dma.o
 .debug_info    0x0000000000006703      0x78d Drivers/STM32F2xx_HAL_Driver/Src/stm32f2xx_hal_gpio.o
 .debug_info    0x0000000000006e90      0xae3 Drivers/STM32F2xx_HAL_Driver/Src/stm32f2xx_hal_rcc.o
 .debug_info    0x0000000000007973     0x18b9 Drivers/STM32F2xx_HAL_Driver/Src/stm32f2xx_hal_sd.o
 .debug_info    0x000000000000922c     0x2837 Drivers/STM32F2xx_HAL_Driver/Src/stm32f2xx_hal_tim.o
 .debug_info    0x000000000000ba63     0x13b7 Drivers/STM32F2xx_HAL_Driver/Src/stm32f2xx_hal_tim_ex.o
 .debug_info    0x000000000000ce1a     0x1263 Drivers/STM32F2xx_HAL_Driver/Src/stm32f2xx_hal_uart.o
 .debug_info    0x000000000000e07d     0x10ee Drivers/STM32F2xx_HAL_Driver/Src/stm32f2xx_ll_sdmmc.o
 .debug_info    0x000000000000f16b      0x5bc FATFS/App/fatfs.o
 .debug_info    0x000000000000f727      0xa46 FATFS/Target/bsp_driver_sd.o
 .debug_info    0x000000000001016d      0x265 FATFS/Target/fatfs_platform.o
 .debug_info    0x00000000000103d2      0x461 Middlewares/Third_Party/FatFs/src/ff_gen_drv.o
 .debug_info    0x0000000000010833      0xcf6 Middlewares/Third_Party/FatFs/src/drivers/sd_diskio.o
 .debug_info    0x0000000000011529     0x4006 Middlewares/Third_Party/FreeRTOS/Source/CMSIS_RTOS_V2/cmsis_os2.o
 .debug_info    0x000000000001552f      0xac5 Middlewares/Third_Party/FreeRTOS/Source/list.o
 .debug_info    0x0000000000015ff4     0x222d Middlewares/Third_Party/FreeRTOS/Source/queue.o
 .debug_info    0x0000000000018221     0x2695 Middlewares/Third_Party/FreeRTOS/Source/tasks.o
 .debug_info    0x000000000001a8b6     0x1982 Middlewares/Third_Party/FreeRTOS/Source/timers.o
 .debug_info    0x000000000001c238      0x4d2 Middlewares/Third_Party/FreeRTOS/Source/portable/GCC/ARM_CM3/port.o
 .debug_info    0x000000000001c70a      0xbea Middlewares/Third_Party/FreeRTOS/Source/portable/MemMang/heap_4.o

.debug_abbrev   0x0000000000000000     0x3b04
 .debug_abbrev  0x0000000000000000      0x2eb Core/Src/main.o
 .debug_abbrev  0x00000000000002eb      0x1cd Core/Src/stm32f2xx_hal_msp.o
 .debug_abbrev  0x00000000000004b8      0x19d Core/Src/stm32f2xx_hal_timebase_tim.o
 .debug_abbrev  0x0000000000000655      0x17a Core/Src/stm32f2xx_it.o
 .debug_abbrev  0x00000000000007cf      0x12b Core/Src/system_stm32f2xx.o
 .debug_abbrev  0x00000000000008fa       0x12 Core/Startup/startup_stm32f207zgtx.o
 .debug_abbrev  0x000000000000090c      0x236 Drivers/STM32F2xx_HAL_Driver/Src/stm32f2xx_hal.o
 .debug_abbrev  0x0000000000000b42      0x2fa Drivers/STM32F2xx_HAL_Driver/Src/stm32f2xx_hal_cortex.o
 .debug_abbrev  0x0000000000000e3c      0x229 Drivers/STM32F2xx_HAL_Driver/Src/stm32f2xx_hal_dma.o
 .debug_abbrev  0x0000000000001065      0x1c0 Drivers/STM32F2xx_HAL_Driver/Src/stm32f2xx_hal_gpio.o
 .debug_abbrev  0x0000000000001225      0x25f Drivers/STM32F2xx_HAL_Driver/Src/stm32f2xx_hal_rcc.o
 .debug_abbrev  0x0000000000001484      0x23d Drivers/STM32F2xx_HAL_Driver/Src/stm32f2xx_hal_sd.o
 .debug_abbrev  0x00000000000016c1      0x230 Drivers/STM32F2xx_HAL_Driver/Src/stm32f2xx_hal_tim.o
 .debug_abbrev  0x00000000000018f1      0x236 Drivers/STM32F2xx_HAL_Driver/Src/stm32f2xx_hal_tim_ex.o
 .debug_abbrev  0x0000000000001b27      0x242 Drivers/STM32F2xx_HAL_Driver/Src/stm32f2xx_hal_uart.o
 .debug_abbrev  0x0000000000001d69      0x1c4 Drivers/STM32F2xx_HAL_Driver/Src/stm32f2xx_ll_sdmmc.o
 .debug_abbrev  0x0000000000001f2d      0x17d FATFS/App/fatfs.o
 .debug_abbrev  0x00000000000020aa      0x26e FATFS/Target/bsp_driver_sd.o
 .debug_abbrev  0x0000000000002318       0xf7 FATFS/Target/fatfs_platform.o
 .debug_abbrev  0x000000000000240f      0x19c Middlewares/Third_Party/FatFs/src/ff_gen_drv.o
 .debug_abbrev  0x00000000000025ab      0x200 Middlewares/Third_Party/FatFs/src/drivers/sd_diskio.o
 .debug_abbrev  0x00000000000027ab      0x3a0 Middlewares/Third_Party/FreeRTOS/Source/CMSIS_RTOS_V2/cmsis_os2.o
 .debug_abbrev  0x0000000000002b4b      0x1cf Middlewares/Third_Party/FreeRTOS/Source/list.o
 .debug_abbrev  0x0000000000002d1a      0x354 Middlewares/Third_Party/FreeRTOS/Source/queue.o
 .debug_abbrev  0x000000000000306e      0x336 Middlewares/Third_Party/FreeRTOS/Source/tasks.o
 .debug_abbrev  0x00000000000033a4      0x2bd Middlewares/Third_Party/FreeRTOS/Source/timers.o
 .debug_abbrev  0x0000000000003661      0x205 Middlewares/Third_Party/FreeRTOS/Source/portable/GCC/ARM_CM3/port.o
 .debug_abbrev  0x0000000000003866      0x29e Middlewares/Third_Party/FreeRTOS/Source/portable/MemMang/heap_4.o

.debug_aranges  0x0000000000000000     0x1768
 .debug_aranges
                0x0000000000000000       0x68 Core/Src/main.o
 .debug_aranges
                0x0000000000000068       0x40 Core/Src/stm32f2xx_hal_msp.o
 .debug_aranges
                0x00000000000000a8       0x30 Core/Src/stm32f2xx_hal_timebase_tim.o
 .debug_aranges
                0x00000000000000d8       0x68 Core/Src/stm32f2xx_it.o
 .debug_aranges
                0x0000000000000140       0x28 Core/Src/system_stm32f2xx.o
 .debug_aranges
                0x0000000000000168       0x28 Core/Startup/startup_stm32f207zgtx.o
 .debug_aranges
                0x0000000000000190       0xf0 Drivers/STM32F2xx_HAL_Driver/Src/stm32f2xx_hal.o
 .debug_aranges
                0x0000000000000280      0x118 Drivers/STM32F2xx_HAL_Driver/Src/stm32f2xx_hal_cortex.o
 .debug_aranges
                0x0000000000000398       0x90 Drivers/STM32F2xx_HAL_Driver/Src/stm32f2xx_hal_dma.o
 .debug_aranges
                0x0000000000000428       0x58 Drivers/STM32F2xx_HAL_Driver/Src/stm32f2xx_hal_gpio.o
 .debug_aranges
                0x0000000000000480       0x88 Drivers/STM32F2xx_HAL_Driver/Src/stm32f2xx_hal_rcc.o
 .debug_aranges
                0x0000000000000508      0x168 Drivers/STM32F2xx_HAL_Driver/Src/stm32f2xx_hal_sd.o
 .debug_aranges
                0x0000000000000670      0x3d0 Drivers/STM32F2xx_HAL_Driver/Src/stm32f2xx_hal_tim.o
 .debug_aranges
                0x0000000000000a40      0x168 Drivers/STM32F2xx_HAL_Driver/Src/stm32f2xx_hal_tim_ex.o
 .debug_aranges
                0x0000000000000ba8      0x1d0 Drivers/STM32F2xx_HAL_Driver/Src/stm32f2xx_hal_uart.o
 .debug_aranges
                0x0000000000000d78      0x178 Drivers/STM32F2xx_HAL_Driver/Src/stm32f2xx_ll_sdmmc.o
 .debug_aranges
                0x0000000000000ef0       0x28 FATFS/App/fatfs.o
 .debug_aranges
                0x0000000000000f18       0xa0 FATFS/Target/bsp_driver_sd.o
 .debug_aranges
                0x0000000000000fb8       0x20 FATFS/Target/fatfs_platform.o
 .debug_aranges
                0x0000000000000fd8       0x40 Middlewares/Third_Party/FatFs/src/ff_gen_drv.o
 .debug_aranges
                0x0000000000001018       0x40 Middlewares/Third_Party/FatFs/src/drivers/sd_diskio.o
 .debug_aranges
                0x0000000000001058      0x228 Middlewares/Third_Party/FreeRTOS/Source/CMSIS_RTOS_V2/cmsis_os2.o
 .debug_aranges
                0x0000000000001280       0x40 Middlewares/Third_Party/FreeRTOS/Source/list.o
 .debug_aranges
                0x00000000000012c0      0x140 Middlewares/Third_Party/FreeRTOS/Source/queue.o
 .debug_aranges
                0x0000000000001400      0x1d0 Middlewares/Third_Party/FreeRTOS/Source/tasks.o
 .debug_aranges
                0x00000000000015d0       0xd0 Middlewares/Third_Party/FreeRTOS/Source/timers.o
 .debug_aranges
                0x00000000000016a0       0x78 Middlewares/Third_Party/FreeRTOS/Source/portable/GCC/ARM_CM3/port.o
 .debug_aranges
                0x0000000000001718       0x50 Middlewares/Third_Party/FreeRTOS/Source/portable/MemMang/heap_4.o

.debug_ranges   0x0000000000000000     0x15b0
 .debug_ranges  0x0000000000000000       0x58 Core/Src/main.o
 .debug_ranges  0x0000000000000058       0x30 Core/Src/stm32f2xx_hal_msp.o
 .debug_ranges  0x0000000000000088       0x20 Core/Src/stm32f2xx_hal_timebase_tim.o
 .debug_ranges  0x00000000000000a8       0x58 Core/Src/stm32f2xx_it.o
 .debug_ranges  0x0000000000000100       0x18 Core/Src/system_stm32f2xx.o
 .debug_ranges  0x0000000000000118       0x20 Core/Startup/startup_stm32f207zgtx.o
 .debug_ranges  0x0000000000000138       0xe0 Drivers/STM32F2xx_HAL_Driver/Src/stm32f2xx_hal.o
 .debug_ranges  0x0000000000000218      0x108 Drivers/STM32F2xx_HAL_Driver/Src/stm32f2xx_hal_cortex.o
 .debug_ranges  0x0000000000000320       0x80 Drivers/STM32F2xx_HAL_Driver/Src/stm32f2xx_hal_dma.o
 .debug_ranges  0x00000000000003a0       0x48 Drivers/STM32F2xx_HAL_Driver/Src/stm32f2xx_hal_gpio.o
 .debug_ranges  0x00000000000003e8       0x78 Drivers/STM32F2xx_HAL_Driver/Src/stm32f2xx_hal_rcc.o
 .debug_ranges  0x0000000000000460      0x158 Drivers/STM32F2xx_HAL_Driver/Src/stm32f2xx_hal_sd.o
 .debug_ranges  0x00000000000005b8      0x3c0 Drivers/STM32F2xx_HAL_Driver/Src/stm32f2xx_hal_tim.o
 .debug_ranges  0x0000000000000978      0x158 Drivers/STM32F2xx_HAL_Driver/Src/stm32f2xx_hal_tim_ex.o
 .debug_ranges  0x0000000000000ad0      0x1c0 Drivers/STM32F2xx_HAL_Driver/Src/stm32f2xx_hal_uart.o
 .debug_ranges  0x0000000000000c90      0x168 Drivers/STM32F2xx_HAL_Driver/Src/stm32f2xx_ll_sdmmc.o
 .debug_ranges  0x0000000000000df8       0x18 FATFS/App/fatfs.o
 .debug_ranges  0x0000000000000e10       0x90 FATFS/Target/bsp_driver_sd.o
 .debug_ranges  0x0000000000000ea0       0x10 FATFS/Target/fatfs_platform.o
 .debug_ranges  0x0000000000000eb0       0x30 Middlewares/Third_Party/FatFs/src/ff_gen_drv.o
 .debug_ranges  0x0000000000000ee0       0x30 Middlewares/Third_Party/FatFs/src/drivers/sd_diskio.o
 .debug_ranges  0x0000000000000f10      0x218 Middlewares/Third_Party/FreeRTOS/Source/CMSIS_RTOS_V2/cmsis_os2.o
 .debug_ranges  0x0000000000001128       0x30 Middlewares/Third_Party/FreeRTOS/Source/list.o
 .debug_ranges  0x0000000000001158      0x130 Middlewares/Third_Party/FreeRTOS/Source/queue.o
 .debug_ranges  0x0000000000001288      0x1c0 Middlewares/Third_Party/FreeRTOS/Source/tasks.o
 .debug_ranges  0x0000000000001448       0xc0 Middlewares/Third_Party/FreeRTOS/Source/timers.o
 .debug_ranges  0x0000000000001508       0x68 Middlewares/Third_Party/FreeRTOS/Source/portable/GCC/ARM_CM3/port.o
 .debug_ranges  0x0000000000001570       0x40 Middlewares/Third_Party/FreeRTOS/Source/portable/MemMang/heap_4.o

.debug_macro    0x0000000000000000     0x413a
 .debug_macro   0x0000000000000000      0x2cd Core/Src/main.o
 .debug_macro   0x00000000000002cd       0x5b Core/Src/main.o
 .debug_macro   0x0000000000000328       0x74 Core/Src/main.o
 .debug_macro   0x000000000000039c      0x11c Core/Src/main.o
 .debug_macro   0x00000000000004b8       0xdd Core/Src/main.o
 .debug_macro   0x0000000000000595       0x1c Core/Src/main.o
 .debug_macro   0x00000000000005b1       0x34 Core/Src/main.o
 .debug_macro   0x00000000000005e5       0xd8 Core/Src/main.o
 .debug_macro   0x00000000000006bd       0xf5 Core/Src/main.o
 .debug_macro   0x00000000000007b2       0x8e Core/Src/main.o
 .debug_macro   0x0000000000000840      0x1ef Core/Src/stm32f2xx_hal_msp.o
 .debug_macro   0x0000000000000a2f      0x1e0 Core/Src/stm32f2xx_hal_timebase_tim.o
 .debug_macro   0x0000000000000c0f      0x1f9 Core/Src/stm32f2xx_it.o
 .debug_macro   0x0000000000000e08      0x1e0 Core/Src/system_stm32f2xx.o
 .debug_macro   0x0000000000000fe8      0x22e Drivers/STM32F2xx_HAL_Driver/Src/stm32f2xx_hal.o
 .debug_macro   0x0000000000001216      0x1e0 Drivers/STM32F2xx_HAL_Driver/Src/stm32f2xx_hal_cortex.o
 .debug_macro   0x00000000000013f6      0x1e6 Drivers/STM32F2xx_HAL_Driver/Src/stm32f2xx_hal_dma.o
 .debug_macro   0x00000000000015dc      0x218 Drivers/STM32F2xx_HAL_Driver/Src/stm32f2xx_hal_gpio.o
 .debug_macro   0x00000000000017f4      0x20a Drivers/STM32F2xx_HAL_Driver/Src/stm32f2xx_hal_rcc.o
 .debug_macro   0x00000000000019fe      0x1e1 Drivers/STM32F2xx_HAL_Driver/Src/stm32f2xx_hal_sd.o
 .debug_macro   0x0000000000001bdf      0x1e1 Drivers/STM32F2xx_HAL_Driver/Src/stm32f2xx_hal_tim.o
 .debug_macro   0x0000000000001dc0      0x1e0 Drivers/STM32F2xx_HAL_Driver/Src/stm32f2xx_hal_tim_ex.o
 .debug_macro   0x0000000000001fa0      0x1e1 Drivers/STM32F2xx_HAL_Driver/Src/stm32f2xx_hal_uart.o
 .debug_macro   0x0000000000002181      0x1e1 Drivers/STM32F2xx_HAL_Driver/Src/stm32f2xx_ll_sdmmc.o
 .debug_macro   0x0000000000002362      0x2cd FATFS/App/fatfs.o
 .debug_macro   0x000000000000262f      0x1f8 FATFS/Target/bsp_driver_sd.o
 .debug_macro   0x0000000000002827      0x1e9 FATFS/Target/fatfs_platform.o
 .debug_macro   0x0000000000002a10      0x2ba Middlewares/Third_Party/FatFs/src/ff_gen_drv.o
 .debug_macro   0x0000000000002cca      0x375 Middlewares/Third_Party/FatFs/src/drivers/sd_diskio.o
 .debug_macro   0x000000000000303f       0x10 Middlewares/Third_Party/FatFs/src/drivers/sd_diskio.o
 .debug_macro   0x000000000000304f       0x20 Middlewares/Third_Party/FatFs/src/drivers/sd_diskio.o
 .debug_macro   0x000000000000306f       0xbd Middlewares/Third_Party/FatFs/src/drivers/sd_diskio.o
 .debug_macro   0x000000000000312c       0x4f Middlewares/Third_Party/FatFs/src/drivers/sd_diskio.o
 .debug_macro   0x000000000000317b      0x238 Middlewares/Third_Party/FreeRTOS/Source/CMSIS_RTOS_V2/cmsis_os2.o
 .debug_macro   0x00000000000033b3       0x10 Middlewares/Third_Party/FreeRTOS/Source/CMSIS_RTOS_V2/cmsis_os2.o
 .debug_macro   0x00000000000033c3       0xb7 Middlewares/Third_Party/FreeRTOS/Source/CMSIS_RTOS_V2/cmsis_os2.o
 .debug_macro   0x000000000000347a       0x91 Middlewares/Third_Party/FreeRTOS/Source/CMSIS_RTOS_V2/cmsis_os2.o
 .debug_macro   0x000000000000350b       0x19 Middlewares/Third_Party/FreeRTOS/Source/CMSIS_RTOS_V2/cmsis_os2.o
 .debug_macro   0x0000000000003524       0x8d Middlewares/Third_Party/FreeRTOS/Source/CMSIS_RTOS_V2/cmsis_os2.o
 .debug_macro   0x00000000000035b1       0x9a Middlewares/Third_Party/FreeRTOS/Source/CMSIS_RTOS_V2/cmsis_os2.o
 .debug_macro   0x000000000000364b      0x17a Middlewares/Third_Party/FreeRTOS/Source/list.o
 .debug_macro   0x00000000000037c5      0x205 Middlewares/Third_Party/FreeRTOS/Source/queue.o
 .debug_macro   0x00000000000039ca       0x16 Middlewares/Third_Party/FreeRTOS/Source/queue.o
 .debug_macro   0x00000000000039e0      0x27a Middlewares/Third_Party/FreeRTOS/Source/tasks.o
 .debug_macro   0x0000000000003c5a       0x10 Middlewares/Third_Party/FreeRTOS/Source/tasks.o
 .debug_macro   0x0000000000003c6a      0x1bd Middlewares/Third_Party/FreeRTOS/Source/timers.o
 .debug_macro   0x0000000000003e27      0x172 Middlewares/Third_Party/FreeRTOS/Source/portable/GCC/ARM_CM3/port.o
 .debug_macro   0x0000000000003f99      0x1a1 Middlewares/Third_Party/FreeRTOS/Source/portable/MemMang/heap_4.o

.debug_line     0x0000000000000000    0x14411
 .debug_line    0x0000000000000000      0xa0d Core/Src/main.o
 .debug_line    0x0000000000000a0d      0x75e Core/Src/stm32f2xx_hal_msp.o
 .debug_line    0x000000000000116b      0x702 Core/Src/stm32f2xx_hal_timebase_tim.o
 .debug_line    0x000000000000186d      0x78a Core/Src/stm32f2xx_it.o
 .debug_line    0x0000000000001ff7      0x6e7 Core/Src/system_stm32f2xx.o
 .debug_line    0x00000000000026de       0x85 Core/Startup/startup_stm32f207zgtx.o
 .debug_line    0x0000000000002763      0x8ef Drivers/STM32F2xx_HAL_Driver/Src/stm32f2xx_hal.o
 .debug_line    0x0000000000003052      0x9f7 Drivers/STM32F2xx_HAL_Driver/Src/stm32f2xx_hal_cortex.o
 .debug_line    0x0000000000003a49      0x9a1 Drivers/STM32F2xx_HAL_Driver/Src/stm32f2xx_hal_dma.o
 .debug_line    0x00000000000043ea      0x8ac Drivers/STM32F2xx_HAL_Driver/Src/stm32f2xx_hal_gpio.o
 .debug_line    0x0000000000004c96      0x9ab Drivers/STM32F2xx_HAL_Driver/Src/stm32f2xx_hal_rcc.o
 .debug_line    0x0000000000005641      0xfe4 Drivers/STM32F2xx_HAL_Driver/Src/stm32f2xx_hal_sd.o
 .debug_line    0x0000000000006625     0x22d2 Drivers/STM32F2xx_HAL_Driver/Src/stm32f2xx_hal_tim.o
 .debug_line    0x00000000000088f7     0x13f3 Drivers/STM32F2xx_HAL_Driver/Src/stm32f2xx_hal_tim_ex.o
 .debug_line    0x0000000000009cea      0xfef Drivers/STM32F2xx_HAL_Driver/Src/stm32f2xx_hal_uart.o
 .debug_line    0x000000000000acd9      0xb79 Drivers/STM32F2xx_HAL_Driver/Src/stm32f2xx_ll_sdmmc.o
 .debug_line    0x000000000000b852      0x8f6 FATFS/App/fatfs.o
 .debug_line    0x000000000000c148      0x81e FATFS/Target/bsp_driver_sd.o
 .debug_line    0x000000000000c966      0x6da FATFS/Target/fatfs_platform.o
 .debug_line    0x000000000000d040      0x8f4 Middlewares/Third_Party/FatFs/src/ff_gen_drv.o
 .debug_line    0x000000000000d934      0xa92 Middlewares/Third_Party/FatFs/src/drivers/sd_diskio.o
 .debug_line    0x000000000000e3c6     0x1e26 Middlewares/Third_Party/FreeRTOS/Source/CMSIS_RTOS_V2/cmsis_os2.o
 .debug_line    0x00000000000101ec      0x66b Middlewares/Third_Party/FreeRTOS/Source/list.o
 .debug_line    0x0000000000010857     0x10bf Middlewares/Third_Party/FreeRTOS/Source/queue.o
 .debug_line    0x0000000000011916     0x134f Middlewares/Third_Party/FreeRTOS/Source/tasks.o
 .debug_line    0x0000000000012c65      0x9fe Middlewares/Third_Party/FreeRTOS/Source/timers.o
 .debug_line    0x0000000000013663      0x65d Middlewares/Third_Party/FreeRTOS/Source/portable/GCC/ARM_CM3/port.o
 .debug_line    0x0000000000013cc0      0x751 Middlewares/Third_Party/FreeRTOS/Source/portable/MemMang/heap_4.o

.debug_str      0x0000000000000000    0xd1e64
 .debug_str     0x0000000000000000    0xc539b Core/Src/main.o
                                      0xc57cb (size before relaxing)
 .debug_str     0x00000000000c539b       0x76 Core/Src/stm32f2xx_hal_msp.o
                                      0xc0cf7 (size before relaxing)
 .debug_str     0x00000000000c5411       0xaa Core/Src/stm32f2xx_hal_timebase_tim.o
                                      0xc08cf (size before relaxing)
 .debug_str     0x00000000000c54bb       0xdb Core/Src/stm32f2xx_it.o
                                      0xc084c (size before relaxing)
 .debug_str     0x00000000000c5596       0x5b Core/Src/system_stm32f2xx.o
                                      0xbfde8 (size before relaxing)
 .debug_str     0x00000000000c55f1       0x36 Core/Startup/startup_stm32f207zgtx.o
                                         0x7d (size before relaxing)
 .debug_str     0x00000000000c5627      0x48c Drivers/STM32F2xx_HAL_Driver/Src/stm32f2xx_hal.o
                                      0xc0880 (size before relaxing)
 .debug_str     0x00000000000c5ab3      0x3dd Drivers/STM32F2xx_HAL_Driver/Src/stm32f2xx_hal_cortex.o
                                      0xc0713 (size before relaxing)
 .debug_str     0x00000000000c5e90      0x31d Drivers/STM32F2xx_HAL_Driver/Src/stm32f2xx_hal_dma.o
                                      0xc0266 (size before relaxing)
 .debug_str     0x00000000000c61ad      0x20a Drivers/STM32F2xx_HAL_Driver/Src/stm32f2xx_hal_gpio.o
                                      0xc007f (size before relaxing)
 .debug_str     0x00000000000c63b7      0x278 Drivers/STM32F2xx_HAL_Driver/Src/stm32f2xx_hal_rcc.o
                                      0xc0268 (size before relaxing)
 .debug_str     0x00000000000c662f      0x6e1 Drivers/STM32F2xx_HAL_Driver/Src/stm32f2xx_hal_sd.o
                                      0xc093d (size before relaxing)